2026-05-12 21:54:22 [INFO] === V8b Training (KD) gestartet ===
2026-05-12 21:54:22 [INFO] Logfile : runs/v8b_t2/train_20260512_215422.log
2026-05-12 21:54:22 [INFO] Stats   : runs/v8b_t2/stats_20260512_215422.csv
2026-05-12 21:54:22 [INFO] PID     : 200
2026-05-12 21:54:22 [INFO] CWD     : /home/jovyan/work/notebooks/Maschine learning/Neuronale netzwerke/Mittelstufenprojekt/Mittelstufenprojekt/Mittelstufenprojekt/Fabian
2026-05-12 21:54:22 [INFO] Python  : 3.10.7
2026-05-12 21:54:25 [INFO] DATA_ROOT = /datasets/multi-view-pig-posture-recognition
2026-05-12 21:54:25 [INFO] Device (Master): cuda:1  |  device_ids=[1, 0, 2, 3]
2026-05-12 21:54:25 [INFO]   GPU 0: Tesla V100-SXM2-32GB (33.8 GB)  [replica]
2026-05-12 21:54:25 [INFO]   GPU 1: Tesla V100-SXM2-32GB (33.8 GB)  [MASTER]
2026-05-12 21:54:25 [INFO]   GPU 2: Tesla V100-SXM2-32GB (33.8 GB)  [replica]
2026-05-12 21:54:25 [INFO]   GPU 3: Tesla V100-SXM2-32GB (33.8 GB)  [replica]
2026-05-12 21:54:25 [INFO] ============================================================
2026-05-12 21:54:25 [INFO] Daten laden
2026-05-12 21:54:25 [INFO] ============================================================
2026-05-12 21:54:25 [INFO] Pseudo-Labels: 1000 hinzugefuegt
2026-05-12 21:54:25 [INFO]   pseudo 0 - Lateral_lying_left       200
2026-05-12 21:54:25 [INFO]   pseudo 1 - Lateral_lying_right      200
2026-05-12 21:54:25 [INFO]   pseudo 2 - Sitting                  200
2026-05-12 21:54:25 [INFO]   pseudo 3 - Standing                 200
2026-05-12 21:54:25 [INFO]   pseudo 4 - Sternal_lying            200
2026-05-12 21:54:25 [INFO] Instanzen total: 24450  echt: 23450  pseudo: 1000
2026-05-12 21:54:25 [INFO]   klasse 0 - Lateral_lying_left      3283
2026-05-12 21:54:25 [INFO]   klasse 1 - Lateral_lying_right     3635
2026-05-12 21:54:25 [INFO]   klasse 2 - Sitting                  895
2026-05-12 21:54:25 [INFO]   klasse 3 - Standing               10128
2026-05-12 21:54:25 [INFO]   klasse 4 - Sternal_lying           6509
2026-05-12 21:54:25 [INFO] STRICT CLO auf Test-Kameras: ['pen1_tur_cam1', 'pen2_orb_cam2', 'pen2_tur_cam2']
2026-05-12 21:54:25 [INFO] 
3 Folds:
2026-05-12 21:54:25 [INFO]   Fold 1: Val=pen1_tur_cam1 (200 echt) | Train=24250 (23250 echt + 1000 pseudo)
2026-05-12 21:54:25 [INFO]   Fold 2: Val=pen2_orb_cam2 (120 echt) | Train=24330 (23330 echt + 1000 pseudo)
2026-05-12 21:54:25 [INFO]   Fold 3: Val=pen2_tur_cam2 (196 echt) | Train=24254 (23254 echt + 1000 pseudo)
2026-05-12 21:54:25 [INFO] ============================================================
2026-05-12 21:54:25 [INFO] Schritt 1: Teacher-Soft-Targets
2026-05-12 21:54:25 [INFO] ============================================================
2026-05-12 21:54:25 [INFO] [CACHE] geladen: teacher_soft_t2_v7.npy  shape=(24450, 5)
2026-05-12 21:54:25 [INFO]   nach Teacher-Precompute MEM: GPU0=0.0/0.0GB GPU1=0.0/0.0GB GPU2=0.0/0.0GB GPU3=0.0/0.0GB
2026-05-12 21:54:25 [INFO] ============================================================
2026-05-12 21:54:25 [INFO] Schritt 2: Student-Training mit KD
2026-05-12 21:54:25 [INFO] KD: alpha=0.5, T=4.0
2026-05-12 21:54:25 [INFO] ============================================================
2026-05-12 21:54:25 [INFO] ############################################################
2026-05-12 21:54:25 [INFO]   STUDENT: dinov2l (vit_large_patch14_dinov2.lvd142m)
2026-05-12 21:54:25 [INFO] ############################################################
2026-05-12 21:54:25 [INFO] ============================================================
2026-05-12 21:54:25 [INFO]   [dinov2l] FOLD 1/3  Val=pen1_tur_cam1
2026-05-12 21:54:25 [INFO] ============================================================
2026-05-12 21:54:25 [INFO]   Train: 24250 (1000 pseudo) | Val: 200 | effBatch=32
2026-05-12 21:54:26 [INFO]   Checkpoint existiert (val_f1=0.8160), skip
2026-05-12 21:54:26 [INFO] ============================================================
2026-05-12 21:54:26 [INFO]   [dinov2l] FOLD 2/3  Val=pen2_orb_cam2
2026-05-12 21:54:26 [INFO] ============================================================
2026-05-12 21:54:26 [INFO]   Train: 24330 (1000 pseudo) | Val: 120 | effBatch=32
2026-05-12 21:54:26 [INFO]   Checkpoint existiert (val_f1=0.9701), skip
2026-05-12 21:54:26 [INFO] ============================================================
2026-05-12 21:54:26 [INFO]   [dinov2l] FOLD 3/3  Val=pen2_tur_cam2
2026-05-12 21:54:26 [INFO] ============================================================
2026-05-12 21:54:26 [INFO]   Train: 24254 (1000 pseudo) | Val: 196 | effBatch=32
2026-05-12 21:54:31 [INFO] Loading pretrained weights from Hugging Face hub (timm/vit_large_patch14_dinov2.lvd142m)
2026-05-12 21:54:31 [WARNING] Xet Storage is enabled for this repo, but the 'hf_xet' package is not installed. Falling back to regular HTTP download. For better performance, install the package with: `pip install huggingface_hub[hf_xet]` or `pip install hf_xet`
2026-05-12 21:54:42 [INFO] [timm/vit_large_patch14_dinov2.lvd142m] Safe alternative available for 'pytorch_model.bin' (as 'model.safetensors'). Loading weights using safetensors.
2026-05-12 21:54:42 [INFO] Missing keys (head.weight, head.bias) discovered while loading pretrained weights. This is expected if model is being adapted.
2026-05-12 21:54:42 [INFO]   Gradient Checkpointing aktiviert
2026-05-12 21:54:44 [INFO]   Student: vit_large_patch14_dinov2.lvd142m (304.4M Params)
2026-05-12 21:54:44 [INFO]   nach Model-Init MEM: GPU0=0.0/0.0GB GPU1=1.2/1.2GB GPU2=0.0/0.0GB GPU3=0.0/0.0GB
2026-05-12 21:54:44 [INFO]   EMA aktiv (decay=0.9995)
2026-05-12 21:54:44 [INFO]   nach EMA-Init MEM: GPU0=0.0/0.0GB GPU1=2.4/2.4GB GPU2=0.0/0.0GB GPU3=0.0/0.0GB
2026-05-12 21:54:44 [INFO]   CW: ['1.48', '1.34', '5.49', '0.48', '0.75']
2026-05-12 21:54:44 [INFO]   ViT LLRD: 24 Layers, decay=0.75, 50 groups
2026-05-12 21:54:44 [INFO]   -- Epoch 01/30 [warmup] lr=1.00e-06 --
2026-05-12 21:57:02 [INFO]   [F3 E01 TRAIN] batch  151/1515 loss=1.7681 elapsed=2m18s eta=20m47s
2026-05-12 21:59:08 [INFO]   [F3 E01 TRAIN] batch  302/1515 loss=1.6481 elapsed=4m24s eta=17m42s
2026-05-12 22:01:15 [INFO]   [F3 E01 TRAIN] batch  453/1515 loss=1.5830 elapsed=6m30s eta=15m16s
2026-05-12 22:03:21 [INFO]   [F3 E01 TRAIN] batch  604/1515 loss=1.5302 elapsed=8m37s eta=12m59s
2026-05-12 22:05:28 [INFO]   [F3 E01 TRAIN] batch  755/1515 loss=1.4745 elapsed=10m43s eta=10m48s
2026-05-12 22:07:35 [INFO]   [F3 E01 TRAIN] batch  906/1515 loss=1.4338 elapsed=12m51s eta=8m38s
2026-05-12 22:09:42 [INFO]   [F3 E01 TRAIN] batch 1057/1515 loss=1.3928 elapsed=14m57s eta=6m29s
2026-05-12 22:11:48 [INFO]   [F3 E01 TRAIN] batch 1208/1515 loss=1.3764 elapsed=17m04s eta=4m20s
2026-05-12 22:13:54 [INFO]   [F3 E01 TRAIN] batch 1359/1515 loss=1.3577 elapsed=19m10s eta=2m12s
2026-05-12 22:16:01 [INFO]   [F3 E01 TRAIN] batch 1510/1515 loss=1.3372 elapsed=21m17s eta=4s
2026-05-12 22:16:05 [INFO]   [F3 E01 TRAIN] batch 1515/1515 loss=1.3364 elapsed=21m21s eta=0s
2026-05-12 22:16:08 [INFO]   [F3 E01 VAL] batch    2/13 elapsed=2s
2026-05-12 22:16:08 [INFO]   [F3 E01 VAL] batch    4/13 elapsed=2s
2026-05-12 22:16:09 [INFO]   [F3 E01 VAL] batch    6/13 elapsed=3s
2026-05-12 22:16:10 [INFO]   [F3 E01 VAL] batch    8/13 elapsed=4s
2026-05-12 22:16:10 [INFO]   [F3 E01 VAL] batch   10/13 elapsed=4s
2026-05-12 22:16:11 [INFO]   [F3 E01 VAL] batch   12/13 elapsed=5s
2026-05-12 22:16:11 [INFO]   [F3 E01 VAL] batch   13/13 elapsed=5s
2026-05-12 22:16:13 [INFO]   [F3 E01 EMA] batch    2/13 elapsed=2s
2026-05-12 22:16:15 [INFO]   [F3 E01 EMA] batch    4/13 elapsed=3s
2026-05-12 22:16:16 [INFO]   [F3 E01 EMA] batch    6/13 elapsed=5s
2026-05-12 22:16:17 [INFO]   [F3 E01 EMA] batch    8/13 elapsed=6s
2026-05-12 22:16:18 [INFO]   [F3 E01 EMA] batch   10/13 elapsed=7s
2026-05-12 22:16:19 [INFO]   [F3 E01 EMA] batch   12/13 elapsed=8s
2026-05-12 22:16:20 [INFO]   [F3 E01 EMA] batch   13/13 elapsed=8s
2026-05-12 22:16:20 [INFO]   [BEST] F3 E01 train L=1.3364 F1=0.4125 | val[model] L=1.1654 F1=0.4837 | epoch=21m35s
2026-05-12 22:16:21 [INFO]     saved runs/v8b_t2/best_dinov2l_fold_3.pth
2026-05-12 22:16:21 [INFO]   -- Epoch 02/30 [warmup] lr=3.40e-05 --
2026-05-12 22:18:29 [INFO]   [F3 E02 TRAIN] batch  151/1515 loss=1.2710 elapsed=2m07s eta=19m16s
2026-05-12 22:20:35 [INFO]   [F3 E02 TRAIN] batch  302/1515 loss=1.1832 elapsed=4m14s eta=17m02s
2026-05-12 22:22:42 [INFO]   [F3 E02 TRAIN] batch  453/1515 loss=1.0824 elapsed=6m21s eta=14m54s
2026-05-12 22:24:49 [INFO]   [F3 E02 TRAIN] batch  604/1515 loss=1.0334 elapsed=8m28s eta=12m47s
2026-05-12 22:26:56 [INFO]   [F3 E02 TRAIN] batch  755/1515 loss=0.9892 elapsed=10m35s eta=10m39s
2026-05-12 22:29:03 [INFO]   [F3 E02 TRAIN] batch  906/1515 loss=0.9652 elapsed=12m42s eta=8m32s
2026-05-12 22:31:10 [INFO]   [F3 E02 TRAIN] batch 1057/1515 loss=0.9432 elapsed=14m48s eta=6m25s
2026-05-12 22:33:17 [INFO]   [F3 E02 TRAIN] batch 1208/1515 loss=0.9218 elapsed=16m55s eta=4m18s
2026-05-12 22:35:24 [INFO]   [F3 E02 TRAIN] batch 1359/1515 loss=0.9055 elapsed=19m03s eta=2m11s
2026-05-12 22:37:31 [INFO]   [F3 E02 TRAIN] batch 1510/1515 loss=0.8917 elapsed=21m10s eta=4s
2026-05-12 22:37:36 [INFO]   [F3 E02 TRAIN] batch 1515/1515 loss=0.8908 elapsed=21m14s eta=0s
2026-05-12 22:37:37 [INFO]   [F3 E02 VAL] batch    2/13 elapsed=1s
2026-05-12 22:37:38 [INFO]   [F3 E02 VAL] batch    4/13 elapsed=2s
2026-05-12 22:37:39 [INFO]   [F3 E02 VAL] batch    6/13 elapsed=2s
2026-05-12 22:37:39 [INFO]   [F3 E02 VAL] batch    8/13 elapsed=3s
2026-05-12 22:37:40 [INFO]   [F3 E02 VAL] batch   10/13 elapsed=4s
2026-05-12 22:37:40 [INFO]   [F3 E02 VAL] batch   12/13 elapsed=4s
2026-05-12 22:37:40 [INFO]   [F3 E02 VAL] batch   13/13 elapsed=4s
2026-05-12 22:37:43 [INFO]   [F3 E02 EMA] batch    2/13 elapsed=2s
2026-05-12 22:37:44 [INFO]   [F3 E02 EMA] batch    4/13 elapsed=3s
2026-05-12 22:37:45 [INFO]   [F3 E02 EMA] batch    6/13 elapsed=4s
2026-05-12 22:37:46 [INFO]   [F3 E02 EMA] batch    8/13 elapsed=6s
2026-05-12 22:37:48 [INFO]   [F3 E02 EMA] batch   10/13 elapsed=7s
2026-05-12 22:37:49 [INFO]   [F3 E02 EMA] batch   12/13 elapsed=8s
2026-05-12 22:37:49 [INFO]   [F3 E02 EMA] batch   13/13 elapsed=8s
2026-05-12 22:37:49 [INFO]   [BEST] F3 E02 train L=0.8908 F1=0.6772 | val[model] L=0.6760 F1=0.8606 | epoch=21m28s
2026-05-12 22:37:51 [INFO]     saved runs/v8b_t2/best_dinov2l_fold_3.pth
2026-05-12 22:37:51 [INFO]   -- Epoch 03/30 [warmup] lr=6.70e-05 --
2026-05-12 22:39:59 [INFO]   [F3 E03 TRAIN] batch  151/1515 loss=0.7704 elapsed=2m08s eta=19m22s
2026-05-12 22:42:06 [INFO]   [F3 E03 TRAIN] batch  302/1515 loss=0.7681 elapsed=4m15s eta=17m05s
2026-05-12 22:44:13 [INFO]   [F3 E03 TRAIN] batch  453/1515 loss=0.7748 elapsed=6m22s eta=14m55s
2026-05-12 22:46:19 [INFO]   [F3 E03 TRAIN] batch  604/1515 loss=0.7600 elapsed=8m28s eta=12m47s
2026-05-12 22:48:26 [INFO]   [F3 E03 TRAIN] batch  755/1515 loss=0.7536 elapsed=10m35s eta=10m40s
2026-05-12 22:50:33 [INFO]   [F3 E03 TRAIN] batch  906/1515 loss=0.7522 elapsed=12m42s eta=8m32s
2026-05-12 22:52:39 [INFO]   [F3 E03 TRAIN] batch 1057/1515 loss=0.7581 elapsed=14m48s eta=6m24s
2026-05-12 22:54:46 [INFO]   [F3 E03 TRAIN] batch 1208/1515 loss=0.7676 elapsed=16m54s eta=4m17s
2026-05-12 22:56:52 [INFO]   [F3 E03 TRAIN] batch 1359/1515 loss=0.7633 elapsed=19m01s eta=2m11s
2026-05-12 22:58:59 [INFO]   [F3 E03 TRAIN] batch 1510/1515 loss=0.7630 elapsed=21m08s eta=4s
2026-05-12 22:59:03 [INFO]   [F3 E03 TRAIN] batch 1515/1515 loss=0.7629 elapsed=21m12s eta=0s
2026-05-12 22:59:05 [INFO]   [F3 E03 VAL] batch    2/13 elapsed=1s
2026-05-12 22:59:06 [INFO]   [F3 E03 VAL] batch    4/13 elapsed=2s
2026-05-12 22:59:07 [INFO]   [F3 E03 VAL] batch    6/13 elapsed=3s
2026-05-12 22:59:07 [INFO]   [F3 E03 VAL] batch    8/13 elapsed=3s
2026-05-12 22:59:08 [INFO]   [F3 E03 VAL] batch   10/13 elapsed=4s
2026-05-12 22:59:08 [INFO]   [F3 E03 VAL] batch   12/13 elapsed=4s
2026-05-12 22:59:08 [INFO]   [F3 E03 VAL] batch   13/13 elapsed=4s
2026-05-12 22:59:11 [INFO]   [F3 E03 EMA] batch    2/13 elapsed=2s
2026-05-12 22:59:12 [INFO]   [F3 E03 EMA] batch    4/13 elapsed=3s
2026-05-12 22:59:13 [INFO]   [F3 E03 EMA] batch    6/13 elapsed=4s
2026-05-12 22:59:14 [INFO]   [F3 E03 EMA] batch    8/13 elapsed=6s
2026-05-12 22:59:16 [INFO]   [F3 E03 EMA] batch   10/13 elapsed=7s
2026-05-12 22:59:17 [INFO]   [F3 E03 EMA] batch   12/13 elapsed=8s
2026-05-12 22:59:17 [INFO]   [F3 E03 EMA] batch   13/13 elapsed=8s
2026-05-12 22:59:17 [INFO]   [----] F3 E03 train L=0.7629 F1=0.7364 | val[model] L=0.7875 F1=0.8259 | epoch=21m26s
2026-05-12 22:59:17 [INFO]   -- Epoch 04/30 [cosine] lr=1.00e-04 --
2026-05-12 23:01:25 [INFO]   [F3 E04 TRAIN] batch  151/1515 loss=0.7327 elapsed=2m07s eta=19m15s
2026-05-12 23:03:31 [INFO]   [F3 E04 TRAIN] batch  302/1515 loss=0.7105 elapsed=4m14s eta=17m00s
2026-05-12 23:05:37 [INFO]   [F3 E04 TRAIN] batch  453/1515 loss=0.7168 elapsed=6m20s eta=14m51s
2026-05-12 23:07:44 [INFO]   [F3 E04 TRAIN] batch  604/1515 loss=0.7162 elapsed=8m26s eta=12m44s
2026-05-12 23:09:50 [INFO]   [F3 E04 TRAIN] batch  755/1515 loss=0.7128 elapsed=10m33s eta=10m37s
2026-05-12 23:11:57 [INFO]   [F3 E04 TRAIN] batch  906/1515 loss=0.7252 elapsed=12m40s eta=8m30s
2026-05-12 23:14:04 [INFO]   [F3 E04 TRAIN] batch 1057/1515 loss=0.7242 elapsed=14m47s eta=6m24s
2026-05-12 23:16:11 [INFO]   [F3 E04 TRAIN] batch 1208/1515 loss=0.7214 elapsed=16m54s eta=4m17s
2026-05-12 23:18:18 [INFO]   [F3 E04 TRAIN] batch 1359/1515 loss=0.7286 elapsed=19m01s eta=2m11s
2026-05-12 23:20:25 [INFO]   [F3 E04 TRAIN] batch 1510/1515 loss=0.7274 elapsed=21m07s eta=4s
2026-05-12 23:20:29 [INFO]   [F3 E04 TRAIN] batch 1515/1515 loss=0.7270 elapsed=21m12s eta=0s
2026-05-12 23:20:31 [INFO]   [F3 E04 VAL] batch    2/13 elapsed=1s
2026-05-12 23:20:32 [INFO]   [F3 E04 VAL] batch    4/13 elapsed=2s
2026-05-12 23:20:32 [INFO]   [F3 E04 VAL] batch    6/13 elapsed=2s
2026-05-12 23:20:33 [INFO]   [F3 E04 VAL] batch    8/13 elapsed=3s
2026-05-12 23:20:33 [INFO]   [F3 E04 VAL] batch   10/13 elapsed=3s
2026-05-12 23:20:34 [INFO]   [F3 E04 VAL] batch   12/13 elapsed=4s
2026-05-12 23:20:34 [INFO]   [F3 E04 VAL] batch   13/13 elapsed=4s
2026-05-12 23:20:36 [INFO]   [F3 E04 EMA] batch    2/13 elapsed=2s
2026-05-12 23:20:37 [INFO]   [F3 E04 EMA] batch    4/13 elapsed=3s
2026-05-12 23:20:39 [INFO]   [F3 E04 EMA] batch    6/13 elapsed=4s
2026-05-12 23:20:40 [INFO]   [F3 E04 EMA] batch    8/13 elapsed=6s
2026-05-12 23:20:41 [INFO]   [F3 E04 EMA] batch   10/13 elapsed=7s
2026-05-12 23:20:42 [INFO]   [F3 E04 EMA] batch   12/13 elapsed=8s
2026-05-12 23:20:43 [INFO]   [F3 E04 EMA] batch   13/13 elapsed=8s
2026-05-12 23:20:43 [INFO]   [----] F3 E04 train L=0.7270 F1=0.7545 | val[ema] L=0.7174 F1=0.8492 | epoch=21m25s
2026-05-12 23:20:43 [INFO]   -- Epoch 05/30 [cosine] lr=9.97e-05 --
2026-05-12 23:22:50 [INFO]   [F3 E05 TRAIN] batch  151/1515 loss=0.6457 elapsed=2m07s eta=19m16s
2026-05-12 23:24:58 [INFO]   [F3 E05 TRAIN] batch  302/1515 loss=0.6617 elapsed=4m15s eta=17m04s
2026-05-12 23:27:04 [INFO]   [F3 E05 TRAIN] batch  453/1515 loss=0.6796 elapsed=6m21s eta=14m53s
2026-05-12 23:29:10 [INFO]   [F3 E05 TRAIN] batch  604/1515 loss=0.6802 elapsed=8m27s eta=12m45s
2026-05-12 23:31:17 [INFO]   [F3 E05 TRAIN] batch  755/1515 loss=0.6775 elapsed=10m34s eta=10m38s
2026-05-12 23:33:25 [INFO]   [F3 E05 TRAIN] batch  906/1515 loss=0.6876 elapsed=12m42s eta=8m32s
2026-05-12 23:35:31 [INFO]   [F3 E05 TRAIN] batch 1057/1515 loss=0.6832 elapsed=14m48s eta=6m25s
2026-05-12 23:37:38 [INFO]   [F3 E05 TRAIN] batch 1208/1515 loss=0.6808 elapsed=16m55s eta=4m18s
2026-05-12 23:39:45 [INFO]   [F3 E05 TRAIN] batch 1359/1515 loss=0.6832 elapsed=19m01s eta=2m11s
2026-05-12 23:41:52 [INFO]   [F3 E05 TRAIN] batch 1510/1515 loss=0.6849 elapsed=21m09s eta=4s
2026-05-12 23:41:56 [INFO]   [F3 E05 TRAIN] batch 1515/1515 loss=0.6850 elapsed=21m13s eta=0s
2026-05-12 23:41:57 [INFO]   [F3 E05 VAL] batch    2/13 elapsed=1s
2026-05-12 23:41:58 [INFO]   [F3 E05 VAL] batch    4/13 elapsed=2s
2026-05-12 23:41:59 [INFO]   [F3 E05 VAL] batch    6/13 elapsed=2s
2026-05-12 23:41:59 [INFO]   [F3 E05 VAL] batch    8/13 elapsed=3s
2026-05-12 23:42:00 [INFO]   [F3 E05 VAL] batch   10/13 elapsed=3s
2026-05-12 23:42:00 [INFO]   [F3 E05 VAL] batch   12/13 elapsed=4s
2026-05-12 23:42:00 [INFO]   [F3 E05 VAL] batch   13/13 elapsed=4s
2026-05-12 23:42:03 [INFO]   [F3 E05 EMA] batch    2/13 elapsed=2s
2026-05-12 23:42:04 [INFO]   [F3 E05 EMA] batch    4/13 elapsed=3s
2026-05-12 23:42:05 [INFO]   [F3 E05 EMA] batch    6/13 elapsed=4s
2026-05-12 23:42:06 [INFO]   [F3 E05 EMA] batch    8/13 elapsed=5s
2026-05-12 23:42:08 [INFO]   [F3 E05 EMA] batch   10/13 elapsed=7s
2026-05-12 23:42:09 [INFO]   [F3 E05 EMA] batch   12/13 elapsed=8s
2026-05-12 23:42:09 [INFO]   [F3 E05 EMA] batch   13/13 elapsed=8s
2026-05-12 23:42:09 [INFO]   [BEST] F3 E05 train L=0.6850 F1=0.7713 | val[ema] L=0.6895 F1=0.8646 | epoch=21m26s
2026-05-12 23:42:11 [INFO]     saved runs/v8b_t2/best_dinov2l_fold_3.pth
2026-05-12 23:42:11 [INFO]   -- Epoch 06/30 [cosine] lr=9.87e-05 --
2026-05-12 23:44:19 [INFO]   [F3 E06 TRAIN] batch  151/1515 loss=0.7259 elapsed=2m07s eta=19m16s
2026-05-12 23:46:25 [INFO]   [F3 E06 TRAIN] batch  302/1515 loss=0.6782 elapsed=4m14s eta=17m02s
2026-05-12 23:48:31 [INFO]   [F3 E06 TRAIN] batch  453/1515 loss=0.6805 elapsed=6m20s eta=14m52s
2026-05-12 23:50:38 [INFO]   [F3 E06 TRAIN] batch  604/1515 loss=0.6788 elapsed=8m27s eta=12m44s
2026-05-12 23:52:44 [INFO]   [F3 E06 TRAIN] batch  755/1515 loss=0.6745 elapsed=10m33s eta=10m37s
2026-05-12 23:54:51 [INFO]   [F3 E06 TRAIN] batch  906/1515 loss=0.6774 elapsed=12m40s eta=8m31s
2026-05-12 23:56:58 [INFO]   [F3 E06 TRAIN] batch 1057/1515 loss=0.6736 elapsed=14m47s eta=6m24s
2026-05-12 23:59:05 [INFO]   [F3 E06 TRAIN] batch 1208/1515 loss=0.6725 elapsed=16m54s eta=4m17s
2026-05-13 00:01:12 [INFO]   [F3 E06 TRAIN] batch 1359/1515 loss=0.6710 elapsed=19m00s eta=2m10s
2026-05-13 00:03:18 [INFO]   [F3 E06 TRAIN] batch 1510/1515 loss=0.6733 elapsed=21m07s eta=4s
2026-05-13 00:03:22 [INFO]   [F3 E06 TRAIN] batch 1515/1515 loss=0.6731 elapsed=21m11s eta=0s
2026-05-13 00:03:24 [INFO]   [F3 E06 VAL] batch    2/13 elapsed=1s
2026-05-13 00:03:25 [INFO]   [F3 E06 VAL] batch    4/13 elapsed=2s
2026-05-13 00:03:25 [INFO]   [F3 E06 VAL] batch    6/13 elapsed=2s
2026-05-13 00:03:26 [INFO]   [F3 E06 VAL] batch    8/13 elapsed=3s
2026-05-13 00:03:26 [INFO]   [F3 E06 VAL] batch   10/13 elapsed=4s
2026-05-13 00:03:27 [INFO]   [F3 E06 VAL] batch   12/13 elapsed=4s
2026-05-13 00:03:27 [INFO]   [F3 E06 VAL] batch   13/13 elapsed=4s
2026-05-13 00:03:30 [INFO]   [F3 E06 EMA] batch    2/13 elapsed=3s
2026-05-13 00:03:32 [INFO]   [F3 E06 EMA] batch    4/13 elapsed=4s
2026-05-13 00:03:33 [INFO]   [F3 E06 EMA] batch    6/13 elapsed=5s
2026-05-13 00:03:34 [INFO]   [F3 E06 EMA] batch    8/13 elapsed=6s
2026-05-13 00:03:35 [INFO]   [F3 E06 EMA] batch   10/13 elapsed=8s
2026-05-13 00:03:36 [INFO]   [F3 E06 EMA] batch   12/13 elapsed=9s
2026-05-13 00:03:37 [INFO]   [F3 E06 EMA] batch   13/13 elapsed=9s
2026-05-13 00:03:37 [INFO]   [----] F3 E06 train L=0.6731 F1=0.7787 | val[ema] L=0.6812 F1=0.8609 | epoch=21m25s
2026-05-13 00:03:37 [INFO]   -- Epoch 07/30 [cosine] lr=9.70e-05 --
