2026-05-11 11:29:06 [INFO] === V8b Training (KD) gestartet ===
2026-05-11 11:29:06 [INFO] Logfile : runs/v8b_t2/train_20260511_112906.log
2026-05-11 11:29:06 [INFO] Stats   : runs/v8b_t2/stats_20260511_112906.csv
2026-05-11 11:29:06 [INFO] PID     : 2512
2026-05-11 11:29:06 [INFO] CWD     : /home/jovyan/work/notebooks/Maschine learning/Neuronale netzwerke/Mittelstufenprojekt/Mittelstufenprojekt/Mittelstufenprojekt/Fabian
2026-05-11 11:29:06 [INFO] Python  : 3.10.7
2026-05-11 11:29:08 [INFO] DATA_ROOT = /datasets/multi-view-pig-posture-recognition
2026-05-11 11:29:09 [INFO] Device (Master): cuda:1  |  device_ids=[1, 0, 2, 3]
2026-05-11 11:29:09 [INFO]   GPU 0: Tesla V100-SXM2-32GB (33.8 GB)  [replica]
2026-05-11 11:29:09 [INFO]   GPU 1: Tesla V100-SXM2-32GB (33.8 GB)  [MASTER]
2026-05-11 11:29:09 [INFO]   GPU 2: Tesla V100-SXM2-32GB (33.8 GB)  [replica]
2026-05-11 11:29:09 [INFO]   GPU 3: Tesla V100-SXM2-32GB (33.8 GB)  [replica]
2026-05-11 11:29:09 [INFO] ============================================================
2026-05-11 11:29:09 [INFO] Daten laden
2026-05-11 11:29:09 [INFO] ============================================================
2026-05-11 11:29:09 [INFO] Pseudo-Labels: 1000 hinzugefuegt
2026-05-11 11:29:09 [INFO]   pseudo 0 - Lateral_lying_left       200
2026-05-11 11:29:09 [INFO]   pseudo 1 - Lateral_lying_right      200
2026-05-11 11:29:09 [INFO]   pseudo 2 - Sitting                  200
2026-05-11 11:29:09 [INFO]   pseudo 3 - Standing                 200
2026-05-11 11:29:09 [INFO]   pseudo 4 - Sternal_lying            200
2026-05-11 11:29:09 [INFO] Instanzen total: 24450  echt: 23450  pseudo: 1000
2026-05-11 11:29:09 [INFO]   klasse 0 - Lateral_lying_left      3283
2026-05-11 11:29:09 [INFO]   klasse 1 - Lateral_lying_right     3635
2026-05-11 11:29:09 [INFO]   klasse 2 - Sitting                  895
2026-05-11 11:29:09 [INFO]   klasse 3 - Standing               10128
2026-05-11 11:29:09 [INFO]   klasse 4 - Sternal_lying           6509
2026-05-11 11:29:09 [INFO] STRICT CLO auf Test-Kameras: ['pen1_tur_cam1', 'pen2_orb_cam2', 'pen2_tur_cam2']
2026-05-11 11:29:09 [INFO] 
3 Folds:
2026-05-11 11:29:09 [INFO]   Fold 1: Val=pen1_tur_cam1 (200 echt) | Train=24250 (23250 echt + 1000 pseudo)
2026-05-11 11:29:09 [INFO]   Fold 2: Val=pen2_orb_cam2 (120 echt) | Train=24330 (23330 echt + 1000 pseudo)
2026-05-11 11:29:09 [INFO]   Fold 3: Val=pen2_tur_cam2 (196 echt) | Train=24254 (23254 echt + 1000 pseudo)
2026-05-11 11:29:09 [INFO] ============================================================
2026-05-11 11:29:09 [INFO] Schritt 1: Teacher-Soft-Targets
2026-05-11 11:29:09 [INFO] ============================================================
2026-05-11 11:29:09 [INFO] ============================================================
2026-05-11 11:29:09 [INFO] Teacher-Soft Precompute fuer 24450 Samples
2026-05-11 11:29:09 [INFO] ============================================================
2026-05-11 11:29:09 [INFO]   dinov2l: best_dinov2l_fold_1.pth @ 518px
2026-05-11 11:30:33 [INFO]     teacher batch  153/765 elapsed=1m16s eta=5m04s
2026-05-11 11:31:38 [INFO]     teacher batch  306/765 elapsed=2m20s eta=3m31s
2026-05-11 11:32:43 [INFO]     teacher batch  459/765 elapsed=3m25s eta=2m17s
2026-05-11 11:33:48 [INFO]     teacher batch  612/765 elapsed=4m30s eta=1m07s
2026-05-11 11:34:52 [INFO]     teacher batch  765/765 elapsed=5m34s eta=0s
2026-05-11 11:34:52 [INFO]   dinov2l: best_dinov2l_fold_1.pth done (5m43s)
2026-05-11 11:34:52 [INFO]   dinov2l: best_dinov2l_fold_2.pth @ 518px
2026-05-11 11:36:08 [INFO]     teacher batch  153/765 elapsed=1m08s eta=4m34s
2026-05-11 11:37:13 [INFO]     teacher batch  306/765 elapsed=2m14s eta=3m21s
2026-05-11 11:38:18 [INFO]     teacher batch  459/765 elapsed=3m19s eta=2m12s
2026-05-11 11:39:23 [INFO]     teacher batch  612/765 elapsed=4m23s eta=1m05s
2026-05-11 11:40:26 [INFO]     teacher batch  765/765 elapsed=5m27s eta=0s
2026-05-11 11:40:27 [INFO]   dinov2l: best_dinov2l_fold_2.pth done (5m34s)
2026-05-11 11:40:27 [INFO]   dinov2l: best_dinov2l_fold_3.pth @ 518px
2026-05-11 11:41:41 [INFO]     teacher batch  153/765 elapsed=1m07s eta=4m28s
2026-05-11 11:42:46 [INFO]     teacher batch  306/765 elapsed=2m12s eta=3m18s
2026-05-11 11:43:51 [INFO]     teacher batch  459/765 elapsed=3m16s eta=2m11s
2026-05-11 11:44:55 [INFO]     teacher batch  612/765 elapsed=4m21s eta=1m05s
2026-05-11 11:45:59 [INFO]     teacher batch  765/765 elapsed=5m25s eta=0s
2026-05-11 11:45:59 [INFO]   dinov2l: best_dinov2l_fold_3.pth done (5m32s)
2026-05-11 11:45:59 [INFO]   dinov2l: 3 Folds gemittelt, weight=1.5
2026-05-11 11:45:59 [INFO]   eva02l: best_eva02l_fold_1.pth @ 448px
2026-05-11 11:46:12 [WARNING] Interrupted by user (KeyboardInterrupt)
2026-05-11 11:46:12 [INFO] === Total time: 17m03s ===
