2026-05-12 11:04:22 [INFO] === V8b Training (KD) gestartet ===
2026-05-12 11:04:22 [INFO] Logfile : runs/v8b_t2/train_20260512_110422.log
2026-05-12 11:04:22 [INFO] Stats   : runs/v8b_t2/stats_20260512_110422.csv
2026-05-12 11:04:22 [INFO] PID     : 240
2026-05-12 11:04:22 [INFO] CWD     : /home/jovyan/work/notebooks/Maschine learning/Neuronale netzwerke/Mittelstufenprojekt/Mittelstufenprojekt/Mittelstufenprojekt/Fabian
2026-05-12 11:04:22 [INFO] Python  : 3.10.7
2026-05-12 11:04:25 [INFO] DATA_ROOT = /datasets/multi-view-pig-posture-recognition
2026-05-12 11:04:25 [INFO] Device (Master): cuda:1  |  device_ids=[1, 0, 2, 3]
2026-05-12 11:04:25 [INFO]   GPU 0: Tesla V100-SXM2-32GB (33.8 GB)  [replica]
2026-05-12 11:04:25 [INFO]   GPU 1: Tesla V100-SXM2-32GB (33.8 GB)  [MASTER]
2026-05-12 11:04:25 [INFO]   GPU 2: Tesla V100-SXM2-32GB (33.8 GB)  [replica]
2026-05-12 11:04:25 [INFO]   GPU 3: Tesla V100-SXM2-32GB (33.8 GB)  [replica]
2026-05-12 11:04:25 [INFO] ============================================================
2026-05-12 11:04:25 [INFO] Daten laden
2026-05-12 11:04:25 [INFO] ============================================================
2026-05-12 11:04:25 [INFO] Pseudo-Labels: 1000 hinzugefuegt
2026-05-12 11:04:25 [INFO]   pseudo 0 - Lateral_lying_left       200
2026-05-12 11:04:25 [INFO]   pseudo 1 - Lateral_lying_right      200
2026-05-12 11:04:25 [INFO]   pseudo 2 - Sitting                  200
2026-05-12 11:04:25 [INFO]   pseudo 3 - Standing                 200
2026-05-12 11:04:25 [INFO]   pseudo 4 - Sternal_lying            200
2026-05-12 11:04:25 [INFO] Instanzen total: 24450  echt: 23450  pseudo: 1000
2026-05-12 11:04:25 [INFO]   klasse 0 - Lateral_lying_left      3283
2026-05-12 11:04:25 [INFO]   klasse 1 - Lateral_lying_right     3635
2026-05-12 11:04:25 [INFO]   klasse 2 - Sitting                  895
2026-05-12 11:04:25 [INFO]   klasse 3 - Standing               10128
2026-05-12 11:04:25 [INFO]   klasse 4 - Sternal_lying           6509
2026-05-12 11:04:25 [INFO] STRICT CLO auf Test-Kameras: ['pen1_tur_cam1', 'pen2_orb_cam2', 'pen2_tur_cam2']
2026-05-12 11:04:25 [INFO] 
3 Folds:
2026-05-12 11:04:25 [INFO]   Fold 1: Val=pen1_tur_cam1 (200 echt) | Train=24250 (23250 echt + 1000 pseudo)
2026-05-12 11:04:25 [INFO]   Fold 2: Val=pen2_orb_cam2 (120 echt) | Train=24330 (23330 echt + 1000 pseudo)
2026-05-12 11:04:25 [INFO]   Fold 3: Val=pen2_tur_cam2 (196 echt) | Train=24254 (23254 echt + 1000 pseudo)
2026-05-12 11:04:25 [INFO] ============================================================
2026-05-12 11:04:25 [INFO] Schritt 1: Teacher-Soft-Targets
2026-05-12 11:04:25 [INFO] ============================================================
2026-05-12 11:04:25 [INFO] [CACHE] geladen: teacher_soft_t2_v7.npy  shape=(24450, 5)
2026-05-12 11:04:25 [INFO]   nach Teacher-Precompute MEM: GPU0=0.0/0.0GB GPU1=0.0/0.0GB GPU2=0.0/0.0GB GPU3=0.0/0.0GB
2026-05-12 11:04:25 [INFO] ============================================================
2026-05-12 11:04:25 [INFO] Schritt 2: Student-Training mit KD
2026-05-12 11:04:25 [INFO] KD: alpha=0.5, T=4.0
2026-05-12 11:04:25 [INFO] ============================================================
2026-05-12 11:04:25 [INFO] ############################################################
2026-05-12 11:04:25 [INFO]   STUDENT: dinov2l (vit_large_patch14_dinov2.lvd142m)
2026-05-12 11:04:25 [INFO] ############################################################
2026-05-12 11:04:25 [INFO] ============================================================
2026-05-12 11:04:25 [INFO]   [dinov2l] FOLD 1/3  Val=pen1_tur_cam1
2026-05-12 11:04:25 [INFO] ============================================================
2026-05-12 11:04:25 [INFO]   Train: 24250 (1000 pseudo) | Val: 200 | effBatch=32
2026-05-12 11:04:25 [INFO]   Checkpoint existiert (val_f1=0.8160), skip
2026-05-12 11:04:25 [INFO] ============================================================
2026-05-12 11:04:25 [INFO]   [dinov2l] FOLD 2/3  Val=pen2_orb_cam2
2026-05-12 11:04:25 [INFO] ============================================================
2026-05-12 11:04:25 [INFO]   Train: 24330 (1000 pseudo) | Val: 120 | effBatch=32
2026-05-12 11:04:30 [INFO] Loading pretrained weights from Hugging Face hub (timm/vit_large_patch14_dinov2.lvd142m)
2026-05-12 11:04:31 [WARNING] Xet Storage is enabled for this repo, but the 'hf_xet' package is not installed. Falling back to regular HTTP download. For better performance, install the package with: `pip install huggingface_hub[hf_xet]` or `pip install hf_xet`
2026-05-12 11:04:43 [INFO] [timm/vit_large_patch14_dinov2.lvd142m] Safe alternative available for 'pytorch_model.bin' (as 'model.safetensors'). Loading weights using safetensors.
2026-05-12 11:04:43 [INFO] Missing keys (head.weight, head.bias) discovered while loading pretrained weights. This is expected if model is being adapted.
2026-05-12 11:04:43 [INFO]   Gradient Checkpointing aktiviert
2026-05-12 11:04:45 [INFO]   Student: vit_large_patch14_dinov2.lvd142m (304.4M Params)
2026-05-12 11:04:45 [INFO]   nach Model-Init MEM: GPU0=0.0/0.0GB GPU1=1.2/1.2GB GPU2=0.0/0.0GB GPU3=0.0/0.0GB
2026-05-12 11:04:45 [INFO]   EMA aktiv (decay=0.9995)
2026-05-12 11:04:45 [INFO]   nach EMA-Init MEM: GPU0=0.0/0.0GB GPU1=2.4/2.4GB GPU2=0.0/0.0GB GPU3=0.0/0.0GB
2026-05-12 11:04:45 [INFO]   CW: ['1.49', '1.35', '5.44', '0.48', '0.75']
2026-05-12 11:04:45 [INFO]   ViT LLRD: 24 Layers, decay=0.75, 50 groups
2026-05-12 11:04:45 [INFO]   -- Epoch 01/30 [warmup] lr=1.00e-06 --
2026-05-12 11:07:05 [INFO]   [F2 E01 TRAIN] batch  152/1520 loss=1.7322 elapsed=2m19s eta=20m57s
2026-05-12 11:09:13 [INFO]   [F2 E01 TRAIN] batch  304/1520 loss=1.6403 elapsed=4m27s eta=17m50s
2026-05-12 11:11:20 [INFO]   [F2 E01 TRAIN] batch  456/1520 loss=1.5708 elapsed=6m34s eta=15m20s
2026-05-12 11:13:28 [INFO]   [F2 E01 TRAIN] batch  608/1520 loss=1.5197 elapsed=8m42s eta=13m03s
2026-05-12 11:15:35 [INFO]   [F2 E01 TRAIN] batch  760/1520 loss=1.4718 elapsed=10m50s eta=10m50s
2026-05-12 11:17:44 [INFO]   [F2 E01 TRAIN] batch  912/1520 loss=1.4383 elapsed=12m58s eta=8m39s
2026-05-12 11:19:52 [INFO]   [F2 E01 TRAIN] batch 1064/1520 loss=1.4066 elapsed=15m06s eta=6m28s
2026-05-12 11:22:00 [INFO]   [F2 E01 TRAIN] batch 1216/1520 loss=1.3796 elapsed=17m14s eta=4m18s
2026-05-12 11:24:07 [INFO]   [F2 E01 TRAIN] batch 1368/1520 loss=1.3522 elapsed=19m21s eta=2m09s
2026-05-12 11:26:14 [INFO]   [F2 E01 TRAIN] batch 1520/1520 loss=1.3292 elapsed=21m28s eta=0s
2026-05-12 11:26:16 [INFO]   [F2 E01 VAL] batch    1/8 elapsed=1s
2026-05-12 11:26:16 [INFO]   [F2 E01 VAL] batch    2/8 elapsed=1s
2026-05-12 11:26:16 [INFO]   [F2 E01 VAL] batch    3/8 elapsed=2s
2026-05-12 11:26:16 [INFO]   [F2 E01 VAL] batch    4/8 elapsed=2s
2026-05-12 11:26:17 [INFO]   [F2 E01 VAL] batch    5/8 elapsed=2s
2026-05-12 11:26:17 [INFO]   [F2 E01 VAL] batch    6/8 elapsed=2s
2026-05-12 11:26:17 [INFO]   [F2 E01 VAL] batch    7/8 elapsed=3s
2026-05-12 11:26:18 [INFO]   [F2 E01 VAL] batch    8/8 elapsed=3s
2026-05-12 11:26:19 [INFO]   [F2 E01 EMA] batch    1/8 elapsed=1s
2026-05-12 11:26:20 [INFO]   [F2 E01 EMA] batch    2/8 elapsed=2s
2026-05-12 11:26:20 [INFO]   [F2 E01 EMA] batch    3/8 elapsed=2s
2026-05-12 11:26:21 [INFO]   [F2 E01 EMA] batch    4/8 elapsed=3s
2026-05-12 11:26:21 [INFO]   [F2 E01 EMA] batch    5/8 elapsed=3s
2026-05-12 11:26:22 [INFO]   [F2 E01 EMA] batch    6/8 elapsed=4s
2026-05-12 11:26:23 [INFO]   [F2 E01 EMA] batch    7/8 elapsed=5s
2026-05-12 11:26:23 [INFO]   [F2 E01 EMA] batch    8/8 elapsed=5s
2026-05-12 11:26:23 [INFO]   [BEST] F2 E01 train L=1.3292 F1=0.4202 | val[model] L=1.3365 F1=0.4255 | epoch=21m38s
2026-05-12 11:26:24 [INFO]     saved runs/v8b_t2/best_dinov2l_fold_2.pth
2026-05-12 11:26:24 [INFO]   -- Epoch 02/30 [warmup] lr=3.40e-05 --
2026-05-12 11:28:33 [INFO]   [F2 E02 TRAIN] batch  152/1520 loss=1.2940 elapsed=2m08s eta=19m17s
2026-05-12 11:30:40 [INFO]   [F2 E02 TRAIN] batch  304/1520 loss=1.1593 elapsed=4m15s eta=17m02s
2026-05-12 11:32:47 [INFO]   [F2 E02 TRAIN] batch  456/1520 loss=1.0825 elapsed=6m22s eta=14m52s
2026-05-12 11:34:54 [INFO]   [F2 E02 TRAIN] batch  608/1520 loss=1.0382 elapsed=8m29s eta=12m44s
2026-05-12 11:37:00 [INFO]   [F2 E02 TRAIN] batch  760/1520 loss=1.0006 elapsed=10m36s eta=10m36s
2026-05-12 11:39:07 [INFO]   [F2 E02 TRAIN] batch  912/1520 loss=0.9725 elapsed=12m43s eta=8m28s
2026-05-12 11:41:14 [INFO]   [F2 E02 TRAIN] batch 1064/1520 loss=0.9547 elapsed=14m50s eta=6m21s
2026-05-12 11:43:21 [INFO]   [F2 E02 TRAIN] batch 1216/1520 loss=0.9350 elapsed=16m57s eta=4m14s
2026-05-12 11:45:28 [INFO]   [F2 E02 TRAIN] batch 1368/1520 loss=0.9148 elapsed=19m04s eta=2m07s
2026-05-12 11:47:35 [INFO]   [F2 E02 TRAIN] batch 1520/1520 loss=0.9012 elapsed=21m11s eta=0s
2026-05-12 11:47:36 [INFO]   [F2 E02 VAL] batch    1/8 elapsed=0s
2026-05-12 11:47:36 [INFO]   [F2 E02 VAL] batch    2/8 elapsed=1s
2026-05-12 11:47:37 [INFO]   [F2 E02 VAL] batch    3/8 elapsed=1s
2026-05-12 11:47:37 [INFO]   [F2 E02 VAL] batch    4/8 elapsed=1s
2026-05-12 11:47:37 [INFO]   [F2 E02 VAL] batch    5/8 elapsed=2s
2026-05-12 11:47:38 [INFO]   [F2 E02 VAL] batch    6/8 elapsed=2s
2026-05-12 11:47:38 [INFO]   [F2 E02 VAL] batch    7/8 elapsed=2s
2026-05-12 11:47:38 [INFO]   [F2 E02 VAL] batch    8/8 elapsed=2s
2026-05-12 11:47:39 [INFO]   [F2 E02 EMA] batch    1/8 elapsed=1s
2026-05-12 11:47:40 [INFO]   [F2 E02 EMA] batch    2/8 elapsed=1s
2026-05-12 11:47:41 [INFO]   [F2 E02 EMA] batch    3/8 elapsed=2s
2026-05-12 11:47:41 [INFO]   [F2 E02 EMA] batch    4/8 elapsed=3s
2026-05-12 11:47:42 [INFO]   [F2 E02 EMA] batch    5/8 elapsed=3s
2026-05-12 11:47:43 [INFO]   [F2 E02 EMA] batch    6/8 elapsed=4s
2026-05-12 11:47:43 [INFO]   [F2 E02 EMA] batch    7/8 elapsed=4s
2026-05-12 11:47:43 [INFO]   [F2 E02 EMA] batch    8/8 elapsed=5s
2026-05-12 11:47:43 [INFO]   [BEST] F2 E02 train L=0.9012 F1=0.6686 | val[model] L=0.8589 F1=0.7893 | epoch=21m19s
2026-05-12 11:47:45 [INFO]     saved runs/v8b_t2/best_dinov2l_fold_2.pth
2026-05-12 11:47:45 [INFO]   -- Epoch 03/30 [warmup] lr=6.70e-05 --
2026-05-12 11:49:54 [INFO]   [F2 E03 TRAIN] batch  152/1520 loss=0.7849 elapsed=2m08s eta=19m16s
2026-05-12 11:52:00 [INFO]   [F2 E03 TRAIN] batch  304/1520 loss=0.7705 elapsed=4m15s eta=17m00s
2026-05-12 11:54:07 [INFO]   [F2 E03 TRAIN] batch  456/1520 loss=0.7757 elapsed=6m22s eta=14m51s
2026-05-12 11:56:14 [INFO]   [F2 E03 TRAIN] batch  608/1520 loss=0.7750 elapsed=8m29s eta=12m43s
2026-05-12 11:58:21 [INFO]   [F2 E03 TRAIN] batch  760/1520 loss=0.7682 elapsed=10m35s eta=10m35s
2026-05-12 12:00:28 [INFO]   [F2 E03 TRAIN] batch  912/1520 loss=0.7659 elapsed=12m42s eta=8m28s
2026-05-12 12:02:35 [INFO]   [F2 E03 TRAIN] batch 1064/1520 loss=0.7696 elapsed=14m49s eta=6m21s
2026-05-12 12:04:42 [INFO]   [F2 E03 TRAIN] batch 1216/1520 loss=0.7734 elapsed=16m57s eta=4m14s
2026-05-12 12:06:49 [INFO]   [F2 E03 TRAIN] batch 1368/1520 loss=0.7731 elapsed=19m04s eta=2m07s
2026-05-12 12:08:56 [INFO]   [F2 E03 TRAIN] batch 1520/1520 loss=0.7670 elapsed=21m10s eta=0s
2026-05-12 12:08:57 [INFO]   [F2 E03 VAL] batch    1/8 elapsed=1s
2026-05-12 12:08:57 [INFO]   [F2 E03 VAL] batch    2/8 elapsed=1s
2026-05-12 12:08:58 [INFO]   [F2 E03 VAL] batch    3/8 elapsed=1s
2026-05-12 12:08:58 [INFO]   [F2 E03 VAL] batch    4/8 elapsed=1s
2026-05-12 12:08:58 [INFO]   [F2 E03 VAL] batch    5/8 elapsed=2s
2026-05-12 12:08:59 [INFO]   [F2 E03 VAL] batch    6/8 elapsed=2s
2026-05-12 12:08:59 [INFO]   [F2 E03 VAL] batch    7/8 elapsed=2s
2026-05-12 12:08:59 [INFO]   [F2 E03 VAL] batch    8/8 elapsed=3s
2026-05-12 12:09:01 [INFO]   [F2 E03 EMA] batch    1/8 elapsed=1s
2026-05-12 12:09:01 [INFO]   [F2 E03 EMA] batch    2/8 elapsed=2s
2026-05-12 12:09:02 [INFO]   [F2 E03 EMA] batch    3/8 elapsed=2s
2026-05-12 12:09:02 [INFO]   [F2 E03 EMA] batch    4/8 elapsed=3s
2026-05-12 12:09:03 [INFO]   [F2 E03 EMA] batch    5/8 elapsed=3s
2026-05-12 12:09:04 [INFO]   [F2 E03 EMA] batch    6/8 elapsed=4s
2026-05-12 12:09:04 [INFO]   [F2 E03 EMA] batch    7/8 elapsed=5s
2026-05-12 12:09:05 [INFO]   [F2 E03 EMA] batch    8/8 elapsed=5s
2026-05-12 12:09:05 [INFO]   [----] F2 E03 train L=0.7670 F1=0.7361 | val[model] L=0.8630 F1=0.7210 | epoch=21m19s
2026-05-12 12:09:05 [INFO]   -- Epoch 04/30 [cosine] lr=1.00e-04 --
2026-05-12 12:11:13 [INFO]   [F2 E04 TRAIN] batch  152/1520 loss=0.7390 elapsed=2m08s eta=19m17s
2026-05-12 12:13:21 [INFO]   [F2 E04 TRAIN] batch  304/1520 loss=0.7292 elapsed=4m16s eta=17m04s
2026-05-12 12:15:28 [INFO]   [F2 E04 TRAIN] batch  456/1520 loss=0.7420 elapsed=6m23s eta=14m54s
2026-05-12 12:17:35 [INFO]   [F2 E04 TRAIN] batch  608/1520 loss=0.7380 elapsed=8m30s eta=12m45s
2026-05-12 12:19:42 [INFO]   [F2 E04 TRAIN] batch  760/1520 loss=0.7397 elapsed=10m37s eta=10m37s
2026-05-12 12:21:49 [INFO]   [F2 E04 TRAIN] batch  912/1520 loss=0.7414 elapsed=12m44s eta=8m29s
2026-05-12 12:23:56 [INFO]   [F2 E04 TRAIN] batch 1064/1520 loss=0.7458 elapsed=14m51s eta=6m22s
2026-05-12 12:26:03 [INFO]   [F2 E04 TRAIN] batch 1216/1520 loss=0.7397 elapsed=16m58s eta=4m14s
2026-05-12 12:28:10 [INFO]   [F2 E04 TRAIN] batch 1368/1520 loss=0.7429 elapsed=19m05s eta=2m07s
2026-05-12 12:30:17 [INFO]   [F2 E04 TRAIN] batch 1520/1520 loss=0.7386 elapsed=21m12s eta=0s
2026-05-12 12:30:18 [INFO]   [F2 E04 VAL] batch    1/8 elapsed=0s
2026-05-12 12:30:19 [INFO]   [F2 E04 VAL] batch    2/8 elapsed=1s
2026-05-12 12:30:19 [INFO]   [F2 E04 VAL] batch    3/8 elapsed=1s
2026-05-12 12:30:19 [INFO]   [F2 E04 VAL] batch    4/8 elapsed=1s
2026-05-12 12:30:19 [INFO]   [F2 E04 VAL] batch    5/8 elapsed=2s
2026-05-12 12:30:20 [INFO]   [F2 E04 VAL] batch    6/8 elapsed=2s
2026-05-12 12:30:20 [INFO]   [F2 E04 VAL] batch    7/8 elapsed=2s
2026-05-12 12:30:20 [INFO]   [F2 E04 VAL] batch    8/8 elapsed=2s
2026-05-12 12:30:21 [INFO]   [F2 E04 EMA] batch    1/8 elapsed=1s
2026-05-12 12:30:22 [INFO]   [F2 E04 EMA] batch    2/8 elapsed=1s
2026-05-12 12:30:23 [INFO]   [F2 E04 EMA] batch    3/8 elapsed=2s
2026-05-12 12:30:23 [INFO]   [F2 E04 EMA] batch    4/8 elapsed=3s
2026-05-12 12:30:24 [INFO]   [F2 E04 EMA] batch    5/8 elapsed=3s
2026-05-12 12:30:24 [INFO]   [F2 E04 EMA] batch    6/8 elapsed=4s
2026-05-12 12:30:25 [INFO]   [F2 E04 EMA] batch    7/8 elapsed=4s
2026-05-12 12:30:25 [INFO]   [F2 E04 EMA] batch    8/8 elapsed=5s
2026-05-12 12:30:25 [INFO]   [BEST] F2 E04 train L=0.7386 F1=0.7488 | val[ema] L=0.6814 F1=0.8150 | epoch=21m20s
2026-05-12 12:30:27 [INFO]     saved runs/v8b_t2/best_dinov2l_fold_2.pth
2026-05-12 12:30:27 [INFO]   -- Epoch 05/30 [cosine] lr=9.97e-05 --
2026-05-12 12:32:35 [INFO]   [F2 E05 TRAIN] batch  152/1520 loss=0.6571 elapsed=2m08s eta=19m13s
2026-05-12 12:34:42 [INFO]   [F2 E05 TRAIN] batch  304/1520 loss=0.6825 elapsed=4m15s eta=17m00s
2026-05-12 12:36:50 [INFO]   [F2 E05 TRAIN] batch  456/1520 loss=0.6827 elapsed=6m22s eta=14m53s
2026-05-12 12:38:57 [INFO]   [F2 E05 TRAIN] batch  608/1520 loss=0.6783 elapsed=8m29s eta=12m44s
2026-05-12 12:41:03 [INFO]   [F2 E05 TRAIN] batch  760/1520 loss=0.6815 elapsed=10m36s eta=10m36s
2026-05-12 12:43:10 [INFO]   [F2 E05 TRAIN] batch  912/1520 loss=0.6937 elapsed=12m43s eta=8m28s
2026-05-12 12:45:18 [INFO]   [F2 E05 TRAIN] batch 1064/1520 loss=0.6841 elapsed=14m50s eta=6m21s
2026-05-12 12:47:25 [INFO]   [F2 E05 TRAIN] batch 1216/1520 loss=0.6783 elapsed=16m57s eta=4m14s
2026-05-12 12:49:32 [INFO]   [F2 E05 TRAIN] batch 1368/1520 loss=0.6849 elapsed=19m04s eta=2m07s
2026-05-12 12:51:39 [INFO]   [F2 E05 TRAIN] batch 1520/1520 loss=0.6880 elapsed=21m12s eta=0s
2026-05-12 12:51:40 [INFO]   [F2 E05 VAL] batch    1/8 elapsed=0s
2026-05-12 12:51:40 [INFO]   [F2 E05 VAL] batch    2/8 elapsed=1s
2026-05-12 12:51:41 [INFO]   [F2 E05 VAL] batch    3/8 elapsed=1s
2026-05-12 12:51:41 [INFO]   [F2 E05 VAL] batch    4/8 elapsed=1s
2026-05-12 12:51:41 [INFO]   [F2 E05 VAL] batch    5/8 elapsed=2s
2026-05-12 12:51:41 [INFO]   [F2 E05 VAL] batch    6/8 elapsed=2s
2026-05-12 12:51:42 [INFO]   [F2 E05 VAL] batch    7/8 elapsed=2s
2026-05-12 12:51:42 [INFO]   [F2 E05 VAL] batch    8/8 elapsed=2s
2026-05-12 12:51:43 [INFO]   [F2 E05 EMA] batch    1/8 elapsed=1s
2026-05-12 12:51:44 [INFO]   [F2 E05 EMA] batch    2/8 elapsed=1s
2026-05-12 12:51:44 [INFO]   [F2 E05 EMA] batch    3/8 elapsed=2s
2026-05-12 12:51:45 [INFO]   [F2 E05 EMA] batch    4/8 elapsed=3s
2026-05-12 12:51:46 [INFO]   [F2 E05 EMA] batch    5/8 elapsed=3s
2026-05-12 12:51:46 [INFO]   [F2 E05 EMA] batch    6/8 elapsed=4s
2026-05-12 12:51:47 [INFO]   [F2 E05 EMA] batch    7/8 elapsed=4s
2026-05-12 12:51:47 [INFO]   [F2 E05 EMA] batch    8/8 elapsed=5s
2026-05-12 12:51:47 [INFO]   [BEST] F2 E05 train L=0.6880 F1=0.7746 | val[ema] L=0.5950 F1=0.9052 | epoch=21m20s
2026-05-12 12:51:49 [INFO]     saved runs/v8b_t2/best_dinov2l_fold_2.pth
2026-05-12 12:51:49 [INFO]   -- Epoch 06/30 [cosine] lr=9.87e-05 --
2026-05-12 12:53:58 [INFO]   [F2 E06 TRAIN] batch  152/1520 loss=0.7028 elapsed=2m08s eta=19m19s
2026-05-12 12:56:05 [INFO]   [F2 E06 TRAIN] batch  304/1520 loss=0.6925 elapsed=4m15s eta=17m03s
2026-05-12 12:58:12 [INFO]   [F2 E06 TRAIN] batch  456/1520 loss=0.6772 elapsed=6m22s eta=14m52s
2026-05-12 13:00:19 [INFO]   [F2 E06 TRAIN] batch  608/1520 loss=0.6922 elapsed=8m29s eta=12m44s
2026-05-12 13:02:26 [INFO]   [F2 E06 TRAIN] batch  760/1520 loss=0.6844 elapsed=10m36s eta=10m36s
2026-05-12 13:04:33 [INFO]   [F2 E06 TRAIN] batch  912/1520 loss=0.6870 elapsed=12m44s eta=8m29s
2026-05-12 13:06:40 [INFO]   [F2 E06 TRAIN] batch 1064/1520 loss=0.6827 elapsed=14m51s eta=6m21s
2026-05-12 13:08:47 [INFO]   [F2 E06 TRAIN] batch 1216/1520 loss=0.6786 elapsed=16m58s eta=4m14s
2026-05-12 13:10:54 [INFO]   [F2 E06 TRAIN] batch 1368/1520 loss=0.6754 elapsed=19m04s eta=2m07s
2026-05-12 13:13:01 [INFO]   [F2 E06 TRAIN] batch 1520/1520 loss=0.6757 elapsed=21m11s eta=0s
2026-05-12 13:13:02 [INFO]   [F2 E06 VAL] batch    1/8 elapsed=0s
2026-05-12 13:13:02 [INFO]   [F2 E06 VAL] batch    2/8 elapsed=1s
2026-05-12 13:13:02 [INFO]   [F2 E06 VAL] batch    3/8 elapsed=1s
2026-05-12 13:13:03 [INFO]   [F2 E06 VAL] batch    4/8 elapsed=1s
2026-05-12 13:13:03 [INFO]   [F2 E06 VAL] batch    5/8 elapsed=2s
2026-05-12 13:13:03 [INFO]   [F2 E06 VAL] batch    6/8 elapsed=2s
2026-05-12 13:13:03 [INFO]   [F2 E06 VAL] batch    7/8 elapsed=2s
2026-05-12 13:13:04 [INFO]   [F2 E06 VAL] batch    8/8 elapsed=2s
2026-05-12 13:13:05 [INFO]   [F2 E06 EMA] batch    1/8 elapsed=1s
2026-05-12 13:13:06 [INFO]   [F2 E06 EMA] batch    2/8 elapsed=1s
2026-05-12 13:13:06 [INFO]   [F2 E06 EMA] batch    3/8 elapsed=2s
2026-05-12 13:13:07 [INFO]   [F2 E06 EMA] batch    4/8 elapsed=3s
2026-05-12 13:13:07 [INFO]   [F2 E06 EMA] batch    5/8 elapsed=3s
2026-05-12 13:13:08 [INFO]   [F2 E06 EMA] batch    6/8 elapsed=4s
2026-05-12 13:13:09 [INFO]   [F2 E06 EMA] batch    7/8 elapsed=5s
2026-05-12 13:13:09 [INFO]   [F2 E06 EMA] batch    8/8 elapsed=5s
2026-05-12 13:13:09 [INFO]   [BEST] F2 E06 train L=0.6757 F1=0.7867 | val[ema] L=0.5477 F1=0.9473 | epoch=21m20s
2026-05-12 13:13:11 [INFO]     saved runs/v8b_t2/best_dinov2l_fold_2.pth
2026-05-12 13:13:11 [INFO]   -- Epoch 07/30 [cosine] lr=9.70e-05 --
2026-05-12 13:15:19 [INFO]   [F2 E07 TRAIN] batch  152/1520 loss=0.6583 elapsed=2m08s eta=19m14s
2026-05-12 13:17:26 [INFO]   [F2 E07 TRAIN] batch  304/1520 loss=0.6771 elapsed=4m15s eta=17m00s
2026-05-12 13:19:32 [INFO]   [F2 E07 TRAIN] batch  456/1520 loss=0.6666 elapsed=6m21s eta=14m50s
2026-05-12 13:21:39 [INFO]   [F2 E07 TRAIN] batch  608/1520 loss=0.6683 elapsed=8m28s eta=12m42s
2026-05-12 13:23:46 [INFO]   [F2 E07 TRAIN] batch  760/1520 loss=0.6682 elapsed=10m35s eta=10m35s
2026-05-12 13:25:53 [INFO]   [F2 E07 TRAIN] batch  912/1520 loss=0.6675 elapsed=12m42s eta=8m28s
2026-05-12 13:28:00 [INFO]   [F2 E07 TRAIN] batch 1064/1520 loss=0.6636 elapsed=14m49s eta=6m21s
2026-05-12 13:30:07 [INFO]   [F2 E07 TRAIN] batch 1216/1520 loss=0.6612 elapsed=16m56s eta=4m14s
2026-05-12 13:32:14 [INFO]   [F2 E07 TRAIN] batch 1368/1520 loss=0.6574 elapsed=19m03s eta=2m07s
2026-05-12 13:34:21 [INFO]   [F2 E07 TRAIN] batch 1520/1520 loss=0.6583 elapsed=21m10s eta=0s
2026-05-12 13:34:22 [INFO]   [F2 E07 VAL] batch    1/8 elapsed=0s
2026-05-12 13:34:22 [INFO]   [F2 E07 VAL] batch    2/8 elapsed=1s
2026-05-12 13:34:23 [INFO]   [F2 E07 VAL] batch    3/8 elapsed=1s
2026-05-12 13:34:23 [INFO]   [F2 E07 VAL] batch    4/8 elapsed=1s
2026-05-12 13:34:23 [INFO]   [F2 E07 VAL] batch    5/8 elapsed=2s
2026-05-12 13:34:24 [INFO]   [F2 E07 VAL] batch    6/8 elapsed=2s
2026-05-12 13:34:24 [INFO]   [F2 E07 VAL] batch    7/8 elapsed=2s
2026-05-12 13:34:24 [INFO]   [F2 E07 VAL] batch    8/8 elapsed=2s
2026-05-12 13:34:25 [INFO]   [F2 E07 EMA] batch    1/8 elapsed=1s
2026-05-12 13:34:26 [INFO]   [F2 E07 EMA] batch    2/8 elapsed=1s
2026-05-12 13:34:26 [INFO]   [F2 E07 EMA] batch    3/8 elapsed=2s
2026-05-12 13:34:27 [INFO]   [F2 E07 EMA] batch    4/8 elapsed=2s
2026-05-12 13:34:28 [INFO]   [F2 E07 EMA] batch    5/8 elapsed=3s
2026-05-12 13:34:28 [INFO]   [F2 E07 EMA] batch    6/8 elapsed=4s
2026-05-12 13:34:29 [INFO]   [F2 E07 EMA] batch    7/8 elapsed=4s
2026-05-12 13:34:29 [INFO]   [F2 E07 EMA] batch    8/8 elapsed=5s
2026-05-12 13:34:29 [INFO]   [----] F2 E07 train L=0.6583 F1=0.7925 | val[ema] L=0.5296 F1=0.9473 | epoch=21m18s
2026-05-12 13:34:29 [INFO]   -- Epoch 08/30 [cosine] lr=9.47e-05 --
2026-05-12 13:36:38 [INFO]   [F2 E08 TRAIN] batch  152/1520 loss=0.6206 elapsed=2m08s eta=19m16s
2026-05-12 13:38:45 [INFO]   [F2 E08 TRAIN] batch  304/1520 loss=0.6420 elapsed=4m15s eta=17m02s
2026-05-12 13:40:52 [INFO]   [F2 E08 TRAIN] batch  456/1520 loss=0.6557 elapsed=6m22s eta=14m53s
2026-05-12 13:42:59 [INFO]   [F2 E08 TRAIN] batch  608/1520 loss=0.6426 elapsed=8m30s eta=12m45s
2026-05-12 13:45:07 [INFO]   [F2 E08 TRAIN] batch  760/1520 loss=0.6470 elapsed=10m37s eta=10m37s
2026-05-12 13:47:14 [INFO]   [F2 E08 TRAIN] batch  912/1520 loss=0.6503 elapsed=12m44s eta=8m29s
2026-05-12 13:49:21 [INFO]   [F2 E08 TRAIN] batch 1064/1520 loss=0.6524 elapsed=14m51s eta=6m22s
2026-05-12 13:51:28 [INFO]   [F2 E08 TRAIN] batch 1216/1520 loss=0.6497 elapsed=16m58s eta=4m14s
2026-05-12 13:53:35 [INFO]   [F2 E08 TRAIN] batch 1368/1520 loss=0.6514 elapsed=19m05s eta=2m07s
2026-05-12 13:55:41 [INFO]   [F2 E08 TRAIN] batch 1520/1520 loss=0.6450 elapsed=21m12s eta=0s
2026-05-12 13:55:42 [INFO]   [F2 E08 VAL] batch    1/8 elapsed=0s
2026-05-12 13:55:42 [INFO]   [F2 E08 VAL] batch    2/8 elapsed=1s
2026-05-12 13:55:43 [INFO]   [F2 E08 VAL] batch    3/8 elapsed=1s
2026-05-12 13:55:43 [INFO]   [F2 E08 VAL] batch    4/8 elapsed=1s
2026-05-12 13:55:43 [INFO]   [F2 E08 VAL] batch    5/8 elapsed=2s
2026-05-12 13:55:44 [INFO]   [F2 E08 VAL] batch    6/8 elapsed=2s
2026-05-12 13:55:44 [INFO]   [F2 E08 VAL] batch    7/8 elapsed=2s
2026-05-12 13:55:44 [INFO]   [F2 E08 VAL] batch    8/8 elapsed=2s
2026-05-12 13:55:45 [INFO]   [F2 E08 EMA] batch    1/8 elapsed=1s
2026-05-12 13:55:46 [INFO]   [F2 E08 EMA] batch    2/8 elapsed=1s
2026-05-12 13:55:47 [INFO]   [F2 E08 EMA] batch    3/8 elapsed=2s
2026-05-12 13:55:47 [INFO]   [F2 E08 EMA] batch    4/8 elapsed=3s
2026-05-12 13:55:48 [INFO]   [F2 E08 EMA] batch    5/8 elapsed=3s
2026-05-12 13:55:48 [INFO]   [F2 E08 EMA] batch    6/8 elapsed=4s
2026-05-12 13:55:49 [INFO]   [F2 E08 EMA] batch    7/8 elapsed=4s
2026-05-12 13:55:49 [INFO]   [F2 E08 EMA] batch    8/8 elapsed=5s
2026-05-12 13:55:49 [INFO]   [----] F2 E08 train L=0.6450 F1=0.7925 | val[ema] L=0.5199 F1=0.9473 | epoch=21m20s
2026-05-12 13:55:49 [INFO]   -- Epoch 09/30 [cosine] lr=9.18e-05 --
2026-05-12 13:57:58 [INFO]   [F2 E09 TRAIN] batch  152/1520 loss=0.6508 elapsed=2m08s eta=19m18s
2026-05-12 14:00:05 [INFO]   [F2 E09 TRAIN] batch  304/1520 loss=0.6606 elapsed=4m15s eta=17m03s
2026-05-12 14:02:12 [INFO]   [F2 E09 TRAIN] batch  456/1520 loss=0.6317 elapsed=6m22s eta=14m53s
2026-05-12 14:04:20 [INFO]   [F2 E09 TRAIN] batch  608/1520 loss=0.6310 elapsed=8m30s eta=12m45s
2026-05-12 14:06:27 [INFO]   [F2 E09 TRAIN] batch  760/1520 loss=0.6375 elapsed=10m37s eta=10m37s
2026-05-12 14:08:34 [INFO]   [F2 E09 TRAIN] batch  912/1520 loss=0.6459 elapsed=12m45s eta=8m30s
2026-05-12 14:10:41 [INFO]   [F2 E09 TRAIN] batch 1064/1520 loss=0.6475 elapsed=14m51s eta=6m22s
2026-05-12 14:12:48 [INFO]   [F2 E09 TRAIN] batch 1216/1520 loss=0.6495 elapsed=16m58s eta=4m14s
2026-05-12 14:14:55 [INFO]   [F2 E09 TRAIN] batch 1368/1520 loss=0.6464 elapsed=19m05s eta=2m07s
2026-05-12 14:17:02 [INFO]   [F2 E09 TRAIN] batch 1520/1520 loss=0.6495 elapsed=21m12s eta=0s
2026-05-12 14:17:03 [INFO]   [F2 E09 VAL] batch    1/8 elapsed=0s
2026-05-12 14:17:03 [INFO]   [F2 E09 VAL] batch    2/8 elapsed=1s
2026-05-12 14:17:04 [INFO]   [F2 E09 VAL] batch    3/8 elapsed=1s
2026-05-12 14:17:04 [INFO]   [F2 E09 VAL] batch    4/8 elapsed=1s
2026-05-12 14:17:04 [INFO]   [F2 E09 VAL] batch    5/8 elapsed=2s
2026-05-12 14:17:04 [INFO]   [F2 E09 VAL] batch    6/8 elapsed=2s
2026-05-12 14:17:05 [INFO]   [F2 E09 VAL] batch    7/8 elapsed=2s
2026-05-12 14:17:05 [INFO]   [F2 E09 VAL] batch    8/8 elapsed=2s
2026-05-12 14:17:06 [INFO]   [F2 E09 EMA] batch    1/8 elapsed=1s
2026-05-12 14:17:07 [INFO]   [F2 E09 EMA] batch    2/8 elapsed=1s
2026-05-12 14:17:07 [INFO]   [F2 E09 EMA] batch    3/8 elapsed=2s
2026-05-12 14:17:08 [INFO]   [F2 E09 EMA] batch    4/8 elapsed=3s
2026-05-12 14:17:09 [INFO]   [F2 E09 EMA] batch    5/8 elapsed=3s
2026-05-12 14:17:09 [INFO]   [F2 E09 EMA] batch    6/8 elapsed=4s
2026-05-12 14:17:10 [INFO]   [F2 E09 EMA] batch    7/8 elapsed=4s
2026-05-12 14:17:10 [INFO]   [F2 E09 EMA] batch    8/8 elapsed=5s
2026-05-12 14:17:10 [INFO]   [----] F2 E09 train L=0.6495 F1=0.7939 | val[ema] L=0.5184 F1=0.9420 | epoch=21m20s
2026-05-12 14:17:10 [INFO]   -- Epoch 10/30 [cosine] lr=8.83e-05 --
2026-05-12 14:19:19 [INFO]   [F2 E10 TRAIN] batch  152/1520 loss=0.6393 elapsed=2m08s eta=19m19s
2026-05-12 14:21:26 [INFO]   [F2 E10 TRAIN] batch  304/1520 loss=0.6411 elapsed=4m15s eta=17m03s
2026-05-12 14:23:34 [INFO]   [F2 E10 TRAIN] batch  456/1520 loss=0.6358 elapsed=6m23s eta=14m54s
2026-05-12 14:25:40 [INFO]   [F2 E10 TRAIN] batch  608/1520 loss=0.6346 elapsed=8m30s eta=12m45s
2026-05-12 14:27:47 [INFO]   [F2 E10 TRAIN] batch  760/1520 loss=0.6221 elapsed=10m37s eta=10m37s
2026-05-12 14:29:55 [INFO]   [F2 E10 TRAIN] batch  912/1520 loss=0.6195 elapsed=12m44s eta=8m29s
2026-05-12 14:32:02 [INFO]   [F2 E10 TRAIN] batch 1064/1520 loss=0.6196 elapsed=14m51s eta=6m22s
2026-05-12 14:34:09 [INFO]   [F2 E10 TRAIN] batch 1216/1520 loss=0.6185 elapsed=16m58s eta=4m14s
2026-05-12 14:36:16 [INFO]   [F2 E10 TRAIN] batch 1368/1520 loss=0.6208 elapsed=19m06s eta=2m07s
2026-05-12 14:38:23 [INFO]   [F2 E10 TRAIN] batch 1520/1520 loss=0.6227 elapsed=21m13s eta=0s
2026-05-12 14:38:24 [INFO]   [F2 E10 VAL] batch    1/8 elapsed=0s
2026-05-12 14:38:24 [INFO]   [F2 E10 VAL] batch    2/8 elapsed=1s
2026-05-12 14:38:25 [INFO]   [F2 E10 VAL] batch    3/8 elapsed=1s
2026-05-12 14:38:25 [INFO]   [F2 E10 VAL] batch    4/8 elapsed=1s
2026-05-12 14:38:25 [INFO]   [F2 E10 VAL] batch    5/8 elapsed=2s
2026-05-12 14:38:26 [INFO]   [F2 E10 VAL] batch    6/8 elapsed=2s
2026-05-12 14:38:26 [INFO]   [F2 E10 VAL] batch    7/8 elapsed=2s
2026-05-12 14:38:26 [INFO]   [F2 E10 VAL] batch    8/8 elapsed=2s
2026-05-12 14:38:27 [INFO]   [F2 E10 EMA] batch    1/8 elapsed=1s
2026-05-12 14:38:28 [INFO]   [F2 E10 EMA] batch    2/8 elapsed=1s
2026-05-12 14:38:29 [INFO]   [F2 E10 EMA] batch    3/8 elapsed=2s
2026-05-12 14:38:29 [INFO]   [F2 E10 EMA] batch    4/8 elapsed=3s
2026-05-12 14:38:30 [INFO]   [F2 E10 EMA] batch    5/8 elapsed=3s
2026-05-12 14:38:31 [INFO]   [F2 E10 EMA] batch    6/8 elapsed=4s
2026-05-12 14:38:31 [INFO]   [F2 E10 EMA] batch    7/8 elapsed=5s
2026-05-12 14:38:31 [INFO]   [F2 E10 EMA] batch    8/8 elapsed=5s
2026-05-12 14:38:31 [INFO]   [----] F2 E10 train L=0.6227 F1=0.7846 | val[ema] L=0.5324 F1=0.9349 | epoch=21m21s
2026-05-12 14:38:31 [INFO]   -- Epoch 11/30 [cosine] lr=8.43e-05 --
2026-05-12 14:40:40 [INFO]   [F2 E11 TRAIN] batch  152/1520 loss=0.5862 elapsed=2m08s eta=19m16s
2026-05-12 14:42:47 [INFO]   [F2 E11 TRAIN] batch  304/1520 loss=0.5870 elapsed=4m15s eta=17m01s
2026-05-12 14:44:54 [INFO]   [F2 E11 TRAIN] batch  456/1520 loss=0.5894 elapsed=6m22s eta=14m52s
2026-05-12 14:47:01 [INFO]   [F2 E11 TRAIN] batch  608/1520 loss=0.5901 elapsed=8m29s eta=12m43s
2026-05-12 14:49:08 [INFO]   [F2 E11 TRAIN] batch  760/1520 loss=0.5879 elapsed=10m36s eta=10m36s
2026-05-12 14:51:15 [INFO]   [F2 E11 TRAIN] batch  912/1520 loss=0.5902 elapsed=12m43s eta=8m29s
2026-05-12 14:53:22 [INFO]   [F2 E11 TRAIN] batch 1064/1520 loss=0.5908 elapsed=14m50s eta=6m21s
2026-05-12 14:55:29 [INFO]   [F2 E11 TRAIN] batch 1216/1520 loss=0.5968 elapsed=16m57s eta=4m14s
2026-05-12 14:57:36 [INFO]   [F2 E11 TRAIN] batch 1368/1520 loss=0.5994 elapsed=19m04s eta=2m07s
2026-05-12 14:59:43 [INFO]   [F2 E11 TRAIN] batch 1520/1520 loss=0.6018 elapsed=21m11s eta=0s
2026-05-12 14:59:44 [INFO]   [F2 E11 VAL] batch    1/8 elapsed=1s
2026-05-12 14:59:44 [INFO]   [F2 E11 VAL] batch    2/8 elapsed=1s
2026-05-12 14:59:44 [INFO]   [F2 E11 VAL] batch    3/8 elapsed=1s
2026-05-12 14:59:44 [INFO]   [F2 E11 VAL] batch    4/8 elapsed=1s
2026-05-12 14:59:45 [INFO]   [F2 E11 VAL] batch    5/8 elapsed=2s
2026-05-12 14:59:45 [INFO]   [F2 E11 VAL] batch    6/8 elapsed=2s
2026-05-12 14:59:45 [INFO]   [F2 E11 VAL] batch    7/8 elapsed=2s
2026-05-12 14:59:46 [INFO]   [F2 E11 VAL] batch    8/8 elapsed=2s
2026-05-12 14:59:47 [INFO]   [F2 E11 EMA] batch    1/8 elapsed=1s
2026-05-12 14:59:47 [INFO]   [F2 E11 EMA] batch    2/8 elapsed=1s
2026-05-12 14:59:48 [INFO]   [F2 E11 EMA] batch    3/8 elapsed=2s
2026-05-12 14:59:49 [INFO]   [F2 E11 EMA] batch    4/8 elapsed=3s
2026-05-12 14:59:49 [INFO]   [F2 E11 EMA] batch    5/8 elapsed=3s
2026-05-12 14:59:50 [INFO]   [F2 E11 EMA] batch    6/8 elapsed=4s
2026-05-12 14:59:50 [INFO]   [F2 E11 EMA] batch    7/8 elapsed=4s
2026-05-12 14:59:51 [INFO]   [F2 E11 EMA] batch    8/8 elapsed=5s
2026-05-12 14:59:51 [INFO]   [----] F2 E11 train L=0.6018 F1=0.8113 | val[ema] L=0.5283 F1=0.9398 | epoch=21m19s
2026-05-12 14:59:51 [INFO]   -- Epoch 12/30 [cosine] lr=7.99e-05 --
2026-05-12 15:01:59 [INFO]   [F2 E12 TRAIN] batch  152/1520 loss=0.5862 elapsed=2m08s eta=19m15s
2026-05-12 15:04:06 [INFO]   [F2 E12 TRAIN] batch  304/1520 loss=0.6103 elapsed=4m15s eta=17m01s
2026-05-12 15:06:13 [INFO]   [F2 E12 TRAIN] batch  456/1520 loss=0.6125 elapsed=6m22s eta=14m52s
2026-05-12 15:08:20 [INFO]   [F2 E12 TRAIN] batch  608/1520 loss=0.6073 elapsed=8m29s eta=12m43s
2026-05-12 15:10:27 [INFO]   [F2 E12 TRAIN] batch  760/1520 loss=0.6024 elapsed=10m35s eta=10m35s
2026-05-12 15:12:33 [INFO]   [F2 E12 TRAIN] batch  912/1520 loss=0.6032 elapsed=12m42s eta=8m28s
2026-05-12 15:14:40 [INFO]   [F2 E12 TRAIN] batch 1064/1520 loss=0.6084 elapsed=14m49s eta=6m21s
2026-05-12 15:16:47 [INFO]   [F2 E12 TRAIN] batch 1216/1520 loss=0.6064 elapsed=16m56s eta=4m14s
2026-05-12 15:18:54 [INFO]   [F2 E12 TRAIN] batch 1368/1520 loss=0.6058 elapsed=19m03s eta=2m07s
2026-05-12 15:21:01 [INFO]   [F2 E12 TRAIN] batch 1520/1520 loss=0.6049 elapsed=21m09s eta=0s
2026-05-12 15:21:01 [INFO]   [F2 E12 VAL] batch    1/8 elapsed=0s
2026-05-12 15:21:02 [INFO]   [F2 E12 VAL] batch    2/8 elapsed=1s
2026-05-12 15:21:02 [INFO]   [F2 E12 VAL] batch    3/8 elapsed=1s
2026-05-12 15:21:02 [INFO]   [F2 E12 VAL] batch    4/8 elapsed=1s
2026-05-12 15:21:03 [INFO]   [F2 E12 VAL] batch    5/8 elapsed=2s
2026-05-12 15:21:03 [INFO]   [F2 E12 VAL] batch    6/8 elapsed=2s
2026-05-12 15:21:03 [INFO]   [F2 E12 VAL] batch    7/8 elapsed=2s
2026-05-12 15:21:03 [INFO]   [F2 E12 VAL] batch    8/8 elapsed=2s
2026-05-12 15:21:04 [INFO]   [F2 E12 EMA] batch    1/8 elapsed=1s
2026-05-12 15:21:05 [INFO]   [F2 E12 EMA] batch    2/8 elapsed=1s
2026-05-12 15:21:06 [INFO]   [F2 E12 EMA] batch    3/8 elapsed=2s
2026-05-12 15:21:06 [INFO]   [F2 E12 EMA] batch    4/8 elapsed=2s
2026-05-12 15:21:07 [INFO]   [F2 E12 EMA] batch    5/8 elapsed=3s
2026-05-12 15:21:07 [INFO]   [F2 E12 EMA] batch    6/8 elapsed=4s
2026-05-12 15:21:08 [INFO]   [F2 E12 EMA] batch    7/8 elapsed=4s
2026-05-12 15:21:08 [INFO]   [F2 E12 EMA] batch    8/8 elapsed=5s
2026-05-12 15:21:08 [INFO]   [BEST] F2 E12 train L=0.6049 F1=0.8097 | val[model] L=0.6086 F1=0.9531 | epoch=21m17s
2026-05-12 15:21:10 [INFO]     saved runs/v8b_t2/best_dinov2l_fold_2.pth
2026-05-12 15:21:10 [INFO]   -- Epoch 13/30 [cosine] lr=7.50e-05 --
2026-05-12 15:23:18 [INFO]   [F2 E13 TRAIN] batch  152/1520 loss=0.5648 elapsed=2m08s eta=19m14s
2026-05-12 15:25:25 [INFO]   [F2 E13 TRAIN] batch  304/1520 loss=0.5596 elapsed=4m15s eta=17m00s
2026-05-12 15:27:32 [INFO]   [F2 E13 TRAIN] batch  456/1520 loss=0.5646 elapsed=6m21s eta=14m50s
2026-05-12 15:29:38 [INFO]   [F2 E13 TRAIN] batch  608/1520 loss=0.5681 elapsed=8m28s eta=12m42s
2026-05-12 15:31:46 [INFO]   [F2 E13 TRAIN] batch  760/1520 loss=0.5699 elapsed=10m35s eta=10m35s
2026-05-12 15:33:53 [INFO]   [F2 E13 TRAIN] batch  912/1520 loss=0.5815 elapsed=12m42s eta=8m28s
2026-05-12 15:36:01 [INFO]   [F2 E13 TRAIN] batch 1064/1520 loss=0.5844 elapsed=14m50s eta=6m21s
2026-05-12 15:38:08 [INFO]   [F2 E13 TRAIN] batch 1216/1520 loss=0.5833 elapsed=16m57s eta=4m14s
2026-05-12 15:40:15 [INFO]   [F2 E13 TRAIN] batch 1368/1520 loss=0.5824 elapsed=19m04s eta=2m07s
2026-05-12 15:42:22 [INFO]   [F2 E13 TRAIN] batch 1520/1520 loss=0.5808 elapsed=21m11s eta=0s
2026-05-12 15:42:23 [INFO]   [F2 E13 VAL] batch    1/8 elapsed=0s
2026-05-12 15:42:23 [INFO]   [F2 E13 VAL] batch    2/8 elapsed=1s
2026-05-12 15:42:23 [INFO]   [F2 E13 VAL] batch    3/8 elapsed=1s
2026-05-12 15:42:24 [INFO]   [F2 E13 VAL] batch    4/8 elapsed=1s
2026-05-12 15:42:24 [INFO]   [F2 E13 VAL] batch    5/8 elapsed=1s
2026-05-12 15:42:24 [INFO]   [F2 E13 VAL] batch    6/8 elapsed=2s
2026-05-12 15:42:24 [INFO]   [F2 E13 VAL] batch    7/8 elapsed=2s
2026-05-12 15:42:25 [INFO]   [F2 E13 VAL] batch    8/8 elapsed=2s
2026-05-12 15:42:26 [INFO]   [F2 E13 EMA] batch    1/8 elapsed=1s
2026-05-12 15:42:27 [INFO]   [F2 E13 EMA] batch    2/8 elapsed=1s
2026-05-12 15:42:27 [INFO]   [F2 E13 EMA] batch    3/8 elapsed=2s
2026-05-12 15:42:28 [INFO]   [F2 E13 EMA] batch    4/8 elapsed=3s
2026-05-12 15:42:28 [INFO]   [F2 E13 EMA] batch    5/8 elapsed=3s
2026-05-12 15:42:29 [INFO]   [F2 E13 EMA] batch    6/8 elapsed=4s
2026-05-12 15:42:30 [INFO]   [F2 E13 EMA] batch    7/8 elapsed=4s
2026-05-12 15:42:30 [INFO]   [F2 E13 EMA] batch    8/8 elapsed=5s
2026-05-12 15:42:30 [INFO]   [----] F2 E13 train L=0.5808 F1=0.8215 | val[ema] L=0.5500 F1=0.9349 | epoch=21m19s
2026-05-12 15:42:30 [INFO]   -- Epoch 14/30 [cosine] lr=6.98e-05 --
2026-05-12 15:44:39 [INFO]   [F2 E14 TRAIN] batch  152/1520 loss=0.5613 elapsed=2m08s eta=19m20s
2026-05-12 15:46:46 [INFO]   [F2 E14 TRAIN] batch  304/1520 loss=0.5840 elapsed=4m15s eta=17m03s
2026-05-12 15:48:53 [INFO]   [F2 E14 TRAIN] batch  456/1520 loss=0.5811 elapsed=6m23s eta=14m54s
2026-05-12 15:51:00 [INFO]   [F2 E14 TRAIN] batch  608/1520 loss=0.5972 elapsed=8m30s eta=12m45s
2026-05-12 15:53:08 [INFO]   [F2 E14 TRAIN] batch  760/1520 loss=0.5941 elapsed=10m37s eta=10m37s
2026-05-12 15:55:15 [INFO]   [F2 E14 TRAIN] batch  912/1520 loss=0.5899 elapsed=12m45s eta=8m30s
2026-05-12 15:57:23 [INFO]   [F2 E14 TRAIN] batch 1064/1520 loss=0.5905 elapsed=14m53s eta=6m22s
2026-05-12 15:59:31 [INFO]   [F2 E14 TRAIN] batch 1216/1520 loss=0.5876 elapsed=17m01s eta=4m15s
2026-05-12 16:01:38 [INFO]   [F2 E14 TRAIN] batch 1368/1520 loss=0.5831 elapsed=19m08s eta=2m07s
2026-05-12 16:03:46 [INFO]   [F2 E14 TRAIN] batch 1520/1520 loss=0.5832 elapsed=21m15s eta=0s
2026-05-12 16:03:47 [INFO]   [F2 E14 VAL] batch    1/8 elapsed=1s
2026-05-12 16:03:47 [INFO]   [F2 E14 VAL] batch    2/8 elapsed=1s
2026-05-12 16:03:48 [INFO]   [F2 E14 VAL] batch    3/8 elapsed=1s
2026-05-12 16:03:48 [INFO]   [F2 E14 VAL] batch    4/8 elapsed=1s
2026-05-12 16:03:48 [INFO]   [F2 E14 VAL] batch    5/8 elapsed=2s
2026-05-12 16:03:48 [INFO]   [F2 E14 VAL] batch    6/8 elapsed=2s
2026-05-12 16:03:49 [INFO]   [F2 E14 VAL] batch    7/8 elapsed=2s
2026-05-12 16:03:49 [INFO]   [F2 E14 VAL] batch    8/8 elapsed=2s
2026-05-12 16:03:50 [INFO]   [F2 E14 EMA] batch    1/8 elapsed=1s
2026-05-12 16:03:51 [INFO]   [F2 E14 EMA] batch    2/8 elapsed=1s
2026-05-12 16:03:51 [INFO]   [F2 E14 EMA] batch    3/8 elapsed=2s
2026-05-12 16:03:52 [INFO]   [F2 E14 EMA] batch    4/8 elapsed=3s
2026-05-12 16:03:53 [INFO]   [F2 E14 EMA] batch    5/8 elapsed=3s
2026-05-12 16:03:53 [INFO]   [F2 E14 EMA] batch    6/8 elapsed=4s
2026-05-12 16:03:54 [INFO]   [F2 E14 EMA] batch    7/8 elapsed=5s
2026-05-12 16:03:54 [INFO]   [F2 E14 EMA] batch    8/8 elapsed=5s
2026-05-12 16:03:54 [INFO]   [----] F2 E14 train L=0.5832 F1=0.8146 | val[model] L=0.5714 F1=0.9518 | epoch=21m24s
2026-05-12 16:03:54 [INFO]   -- Epoch 15/30 [cosine] lr=6.44e-05 --
2026-05-12 16:06:03 [INFO]   [F2 E15 TRAIN] batch  152/1520 loss=0.5808 elapsed=2m08s eta=19m16s
2026-05-12 16:08:11 [INFO]   [F2 E15 TRAIN] batch  304/1520 loss=0.5592 elapsed=4m16s eta=17m06s
2026-05-12 16:10:18 [INFO]   [F2 E15 TRAIN] batch  456/1520 loss=0.5770 elapsed=6m23s eta=14m55s
2026-05-12 16:12:24 [INFO]   [F2 E15 TRAIN] batch  608/1520 loss=0.5877 elapsed=8m29s eta=12m44s
2026-05-12 16:14:31 [INFO]   [F2 E15 TRAIN] batch  760/1520 loss=0.5808 elapsed=10m37s eta=10m37s
2026-05-12 16:16:37 [INFO]   [F2 E15 TRAIN] batch  912/1520 loss=0.5807 elapsed=12m43s eta=8m28s
2026-05-12 16:18:45 [INFO]   [F2 E15 TRAIN] batch 1064/1520 loss=0.5784 elapsed=14m50s eta=6m21s
2026-05-12 16:20:52 [INFO]   [F2 E15 TRAIN] batch 1216/1520 loss=0.5764 elapsed=16m57s eta=4m14s
2026-05-12 16:22:59 [INFO]   [F2 E15 TRAIN] batch 1368/1520 loss=0.5804 elapsed=19m04s eta=2m07s
2026-05-12 16:25:06 [INFO]   [F2 E15 TRAIN] batch 1520/1520 loss=0.5831 elapsed=21m11s eta=0s
2026-05-12 16:25:07 [INFO]   [F2 E15 VAL] batch    1/8 elapsed=0s
2026-05-12 16:25:07 [INFO]   [F2 E15 VAL] batch    2/8 elapsed=1s
2026-05-12 16:25:07 [INFO]   [F2 E15 VAL] batch    3/8 elapsed=1s
2026-05-12 16:25:08 [INFO]   [F2 E15 VAL] batch    4/8 elapsed=1s
2026-05-12 16:25:08 [INFO]   [F2 E15 VAL] batch    5/8 elapsed=2s
2026-05-12 16:25:08 [INFO]   [F2 E15 VAL] batch    6/8 elapsed=2s
2026-05-12 16:25:08 [INFO]   [F2 E15 VAL] batch    7/8 elapsed=2s
2026-05-12 16:25:09 [INFO]   [F2 E15 VAL] batch    8/8 elapsed=2s
2026-05-12 16:25:10 [INFO]   [F2 E15 EMA] batch    1/8 elapsed=1s
2026-05-12 16:25:10 [INFO]   [F2 E15 EMA] batch    2/8 elapsed=1s
2026-05-12 16:25:11 [INFO]   [F2 E15 EMA] batch    3/8 elapsed=2s
2026-05-12 16:25:12 [INFO]   [F2 E15 EMA] batch    4/8 elapsed=2s
2026-05-12 16:25:12 [INFO]   [F2 E15 EMA] batch    5/8 elapsed=3s
2026-05-12 16:25:13 [INFO]   [F2 E15 EMA] batch    6/8 elapsed=4s
2026-05-12 16:25:13 [INFO]   [F2 E15 EMA] batch    7/8 elapsed=4s
2026-05-12 16:25:14 [INFO]   [F2 E15 EMA] batch    8/8 elapsed=5s
2026-05-12 16:25:14 [INFO]   [----] F2 E15 train L=0.5831 F1=0.8237 | val[ema] L=0.5522 F1=0.9352 | epoch=21m19s
2026-05-12 16:25:14 [INFO]   -- Epoch 16/30 [cosine] lr=5.87e-05 --
2026-05-12 16:27:23 [INFO]   [F2 E16 TRAIN] batch  152/1520 loss=0.5941 elapsed=2m09s eta=19m26s
2026-05-12 16:29:29 [INFO]   [F2 E16 TRAIN] batch  304/1520 loss=0.5910 elapsed=4m15s eta=17m02s
2026-05-12 16:31:36 [INFO]   [F2 E16 TRAIN] batch  456/1520 loss=0.5794 elapsed=6m22s eta=14m52s
2026-05-12 16:33:42 [INFO]   [F2 E16 TRAIN] batch  608/1520 loss=0.5776 elapsed=8m28s eta=12m42s
2026-05-12 16:35:50 [INFO]   [F2 E16 TRAIN] batch  760/1520 loss=0.5750 elapsed=10m35s eta=10m35s
2026-05-12 16:37:56 [INFO]   [F2 E16 TRAIN] batch  912/1520 loss=0.5750 elapsed=12m42s eta=8m28s
2026-05-12 16:40:02 [INFO]   [F2 E16 TRAIN] batch 1064/1520 loss=0.5715 elapsed=14m48s eta=6m20s
2026-05-12 16:42:09 [INFO]   [F2 E16 TRAIN] batch 1216/1520 loss=0.5679 elapsed=16m55s eta=4m13s
2026-05-12 16:44:17 [INFO]   [F2 E16 TRAIN] batch 1368/1520 loss=0.5670 elapsed=19m03s eta=2m07s
2026-05-12 16:46:23 [INFO]   [F2 E16 TRAIN] batch 1520/1520 loss=0.5686 elapsed=21m09s eta=0s
2026-05-12 16:46:24 [INFO]   [F2 E16 VAL] batch    1/8 elapsed=0s
2026-05-12 16:46:24 [INFO]   [F2 E16 VAL] batch    2/8 elapsed=1s
2026-05-12 16:46:25 [INFO]   [F2 E16 VAL] batch    3/8 elapsed=1s
2026-05-12 16:46:25 [INFO]   [F2 E16 VAL] batch    4/8 elapsed=1s
2026-05-12 16:46:25 [INFO]   [F2 E16 VAL] batch    5/8 elapsed=2s
2026-05-12 16:46:25 [INFO]   [F2 E16 VAL] batch    6/8 elapsed=2s
2026-05-12 16:46:26 [INFO]   [F2 E16 VAL] batch    7/8 elapsed=2s
2026-05-12 16:46:26 [INFO]   [F2 E16 VAL] batch    8/8 elapsed=2s
2026-05-12 16:46:27 [INFO]   [F2 E16 EMA] batch    1/8 elapsed=1s
2026-05-12 16:46:28 [INFO]   [F2 E16 EMA] batch    2/8 elapsed=1s
2026-05-12 16:46:28 [INFO]   [F2 E16 EMA] batch    3/8 elapsed=2s
2026-05-12 16:46:29 [INFO]   [F2 E16 EMA] batch    4/8 elapsed=3s
2026-05-12 16:46:30 [INFO]   [F2 E16 EMA] batch    5/8 elapsed=3s
2026-05-12 16:46:30 [INFO]   [F2 E16 EMA] batch    6/8 elapsed=4s
2026-05-12 16:46:31 [INFO]   [F2 E16 EMA] batch    7/8 elapsed=4s
2026-05-12 16:46:31 [INFO]   [F2 E16 EMA] batch    8/8 elapsed=5s
2026-05-12 16:46:31 [INFO]   [BEST] F2 E16 train L=0.5686 F1=0.8189 | val[model] L=0.6259 F1=0.9536 | epoch=21m17s
2026-05-12 16:46:33 [INFO]     saved runs/v8b_t2/best_dinov2l_fold_2.pth
2026-05-12 16:46:33 [INFO]   -- Epoch 17/30 [cosine] lr=5.30e-05 --
2026-05-12 16:48:41 [INFO]   [F2 E17 TRAIN] batch  152/1520 loss=0.5727 elapsed=2m08s eta=19m15s
2026-05-12 16:50:48 [INFO]   [F2 E17 TRAIN] batch  304/1520 loss=0.5546 elapsed=4m15s eta=17m00s
2026-05-12 16:52:54 [INFO]   [F2 E17 TRAIN] batch  456/1520 loss=0.5432 elapsed=6m21s eta=14m49s
2026-05-12 16:55:00 [INFO]   [F2 E17 TRAIN] batch  608/1520 loss=0.5398 elapsed=8m27s eta=12m41s
2026-05-12 16:57:06 [INFO]   [F2 E17 TRAIN] batch  760/1520 loss=0.5511 elapsed=10m33s eta=10m33s
2026-05-12 16:59:12 [INFO]   [F2 E17 TRAIN] batch  912/1520 loss=0.5492 elapsed=12m39s eta=8m26s
2026-05-12 17:01:18 [INFO]   [F2 E17 TRAIN] batch 1064/1520 loss=0.5523 elapsed=14m44s eta=6m19s
2026-05-12 17:03:24 [INFO]   [F2 E17 TRAIN] batch 1216/1520 loss=0.5549 elapsed=16m51s eta=4m12s
2026-05-12 17:05:32 [INFO]   [F2 E17 TRAIN] batch 1368/1520 loss=0.5526 elapsed=18m58s eta=2m06s
2026-05-12 17:07:39 [INFO]   [F2 E17 TRAIN] batch 1520/1520 loss=0.5560 elapsed=21m05s eta=0s
2026-05-12 17:07:40 [INFO]   [F2 E17 VAL] batch    1/8 elapsed=1s
2026-05-12 17:07:40 [INFO]   [F2 E17 VAL] batch    2/8 elapsed=1s
2026-05-12 17:07:40 [INFO]   [F2 E17 VAL] batch    3/8 elapsed=1s
2026-05-12 17:07:41 [INFO]   [F2 E17 VAL] batch    4/8 elapsed=1s
2026-05-12 17:07:41 [INFO]   [F2 E17 VAL] batch    5/8 elapsed=2s
2026-05-12 17:07:41 [INFO]   [F2 E17 VAL] batch    6/8 elapsed=2s
2026-05-12 17:07:41 [INFO]   [F2 E17 VAL] batch    7/8 elapsed=2s
2026-05-12 17:07:42 [INFO]   [F2 E17 VAL] batch    8/8 elapsed=2s
2026-05-12 17:07:43 [INFO]   [F2 E17 EMA] batch    1/8 elapsed=1s
2026-05-12 17:07:43 [INFO]   [F2 E17 EMA] batch    2/8 elapsed=1s
2026-05-12 17:07:44 [INFO]   [F2 E17 EMA] batch    3/8 elapsed=2s
2026-05-12 17:07:45 [INFO]   [F2 E17 EMA] batch    4/8 elapsed=3s
2026-05-12 17:07:45 [INFO]   [F2 E17 EMA] batch    5/8 elapsed=3s
2026-05-12 17:07:46 [INFO]   [F2 E17 EMA] batch    6/8 elapsed=4s
2026-05-12 17:07:47 [INFO]   [F2 E17 EMA] batch    7/8 elapsed=4s
2026-05-12 17:07:47 [INFO]   [F2 E17 EMA] batch    8/8 elapsed=5s
2026-05-12 17:07:47 [INFO]   [BEST] F2 E17 train L=0.5560 F1=0.8252 | val[ema] L=0.5480 F1=0.9627 | epoch=21m14s
2026-05-12 17:07:48 [INFO]     saved runs/v8b_t2/best_dinov2l_fold_2.pth
2026-05-12 17:07:48 [INFO]   -- Epoch 18/30 [cosine] lr=4.71e-05 --
2026-05-12 17:09:57 [INFO]   [F2 E18 TRAIN] batch  152/1520 loss=0.5118 elapsed=2m08s eta=19m13s
2026-05-12 17:12:03 [INFO]   [F2 E18 TRAIN] batch  304/1520 loss=0.5328 elapsed=4m14s eta=16m57s
2026-05-12 17:14:10 [INFO]   [F2 E18 TRAIN] batch  456/1520 loss=0.5408 elapsed=6m21s eta=14m49s
2026-05-12 17:16:15 [INFO]   [F2 E18 TRAIN] batch  608/1520 loss=0.5417 elapsed=8m26s eta=12m40s
2026-05-12 17:18:21 [INFO]   [F2 E18 TRAIN] batch  760/1520 loss=0.5417 elapsed=10m32s eta=10m32s
2026-05-12 17:20:28 [INFO]   [F2 E18 TRAIN] batch  912/1520 loss=0.5452 elapsed=12m39s eta=8m26s
2026-05-12 17:22:35 [INFO]   [F2 E18 TRAIN] batch 1064/1520 loss=0.5484 elapsed=14m46s eta=6m19s
2026-05-12 17:24:42 [INFO]   [F2 E18 TRAIN] batch 1216/1520 loss=0.5501 elapsed=16m53s eta=4m13s
2026-05-12 17:26:49 [INFO]   [F2 E18 TRAIN] batch 1368/1520 loss=0.5493 elapsed=19m00s eta=2m06s
2026-05-12 17:28:57 [INFO]   [F2 E18 TRAIN] batch 1520/1520 loss=0.5503 elapsed=21m08s eta=0s
2026-05-12 17:28:58 [INFO]   [F2 E18 VAL] batch    1/8 elapsed=0s
2026-05-12 17:28:58 [INFO]   [F2 E18 VAL] batch    2/8 elapsed=1s
2026-05-12 17:28:58 [INFO]   [F2 E18 VAL] batch    3/8 elapsed=1s
2026-05-12 17:28:59 [INFO]   [F2 E18 VAL] batch    4/8 elapsed=1s
2026-05-12 17:28:59 [INFO]   [F2 E18 VAL] batch    5/8 elapsed=1s
2026-05-12 17:28:59 [INFO]   [F2 E18 VAL] batch    6/8 elapsed=2s
2026-05-12 17:28:59 [INFO]   [F2 E18 VAL] batch    7/8 elapsed=2s
2026-05-12 17:29:00 [INFO]   [F2 E18 VAL] batch    8/8 elapsed=2s
2026-05-12 17:29:01 [INFO]   [F2 E18 EMA] batch    1/8 elapsed=1s
2026-05-12 17:29:02 [INFO]   [F2 E18 EMA] batch    2/8 elapsed=1s
2026-05-12 17:29:02 [INFO]   [F2 E18 EMA] batch    3/8 elapsed=2s
2026-05-12 17:29:03 [INFO]   [F2 E18 EMA] batch    4/8 elapsed=3s
2026-05-12 17:29:03 [INFO]   [F2 E18 EMA] batch    5/8 elapsed=3s
2026-05-12 17:29:04 [INFO]   [F2 E18 EMA] batch    6/8 elapsed=4s
2026-05-12 17:29:05 [INFO]   [F2 E18 EMA] batch    7/8 elapsed=4s
2026-05-12 17:29:05 [INFO]   [F2 E18 EMA] batch    8/8 elapsed=5s
2026-05-12 17:29:05 [INFO]   [BEST] F2 E18 train L=0.5503 F1=0.8257 | val[model] L=0.5563 F1=0.9701 | epoch=21m16s
2026-05-12 17:29:07 [INFO]     saved runs/v8b_t2/best_dinov2l_fold_2.pth
2026-05-12 17:29:07 [INFO]   -- Epoch 19/30 [cosine] lr=4.14e-05 --
2026-05-12 17:31:15 [INFO]   [F2 E19 TRAIN] batch  152/1520 loss=0.5603 elapsed=2m08s eta=19m14s
2026-05-12 17:33:21 [INFO]   [F2 E19 TRAIN] batch  304/1520 loss=0.5472 elapsed=4m14s eta=16m59s
2026-05-12 17:35:28 [INFO]   [F2 E19 TRAIN] batch  456/1520 loss=0.5371 elapsed=6m21s eta=14m50s
2026-05-12 17:37:35 [INFO]   [F2 E19 TRAIN] batch  608/1520 loss=0.5508 elapsed=8m28s eta=12m42s
2026-05-12 17:39:43 [INFO]   [F2 E19 TRAIN] batch  760/1520 loss=0.5482 elapsed=10m36s eta=10m36s
2026-05-12 17:41:50 [INFO]   [F2 E19 TRAIN] batch  912/1520 loss=0.5461 elapsed=12m43s eta=8m28s
2026-05-12 17:43:56 [INFO]   [F2 E19 TRAIN] batch 1064/1520 loss=0.5421 elapsed=14m49s eta=6m21s
2026-05-12 17:46:04 [INFO]   [F2 E19 TRAIN] batch 1216/1520 loss=0.5407 elapsed=16m57s eta=4m14s
2026-05-12 17:48:10 [INFO]   [F2 E19 TRAIN] batch 1368/1520 loss=0.5406 elapsed=19m03s eta=2m07s
2026-05-12 17:50:17 [INFO]   [F2 E19 TRAIN] batch 1520/1520 loss=0.5448 elapsed=21m10s eta=0s
2026-05-12 17:50:18 [INFO]   [F2 E19 VAL] batch    1/8 elapsed=0s
2026-05-12 17:50:18 [INFO]   [F2 E19 VAL] batch    2/8 elapsed=1s
2026-05-12 17:50:18 [INFO]   [F2 E19 VAL] batch    3/8 elapsed=1s
2026-05-12 17:50:19 [INFO]   [F2 E19 VAL] batch    4/8 elapsed=1s
2026-05-12 17:50:19 [INFO]   [F2 E19 VAL] batch    5/8 elapsed=1s
2026-05-12 17:50:19 [INFO]   [F2 E19 VAL] batch    6/8 elapsed=2s
2026-05-12 17:50:19 [INFO]   [F2 E19 VAL] batch    7/8 elapsed=2s
2026-05-12 17:50:20 [INFO]   [F2 E19 VAL] batch    8/8 elapsed=2s
2026-05-12 17:50:21 [INFO]   [F2 E19 EMA] batch    1/8 elapsed=1s
2026-05-12 17:50:21 [INFO]   [F2 E19 EMA] batch    2/8 elapsed=1s
2026-05-12 17:50:22 [INFO]   [F2 E19 EMA] batch    3/8 elapsed=2s
2026-05-12 17:50:23 [INFO]   [F2 E19 EMA] batch    4/8 elapsed=3s
2026-05-12 17:50:23 [INFO]   [F2 E19 EMA] batch    5/8 elapsed=3s
2026-05-12 17:50:24 [INFO]   [F2 E19 EMA] batch    6/8 elapsed=4s
2026-05-12 17:50:24 [INFO]   [F2 E19 EMA] batch    7/8 elapsed=4s
2026-05-12 17:50:25 [INFO]   [F2 E19 EMA] batch    8/8 elapsed=5s
2026-05-12 17:50:25 [INFO]   [----] F2 E19 train L=0.5448 F1=0.8300 | val[model] L=0.5272 F1=0.9651 | epoch=21m18s
2026-05-12 17:50:25 [INFO]   -- Epoch 20/30 [cosine] lr=3.57e-05 --
2026-05-12 17:52:33 [INFO]   [F2 E20 TRAIN] batch  152/1520 loss=0.5600 elapsed=2m07s eta=19m11s
2026-05-12 17:54:39 [INFO]   [F2 E20 TRAIN] batch  304/1520 loss=0.5675 elapsed=4m14s eta=16m58s
2026-05-12 17:56:46 [INFO]   [F2 E20 TRAIN] batch  456/1520 loss=0.5591 elapsed=6m20s eta=14m48s
2026-05-12 17:58:51 [INFO]   [F2 E20 TRAIN] batch  608/1520 loss=0.5487 elapsed=8m26s eta=12m39s
2026-05-12 18:00:58 [INFO]   [F2 E20 TRAIN] batch  760/1520 loss=0.5426 elapsed=10m33s eta=10m33s
2026-05-12 18:03:05 [INFO]   [F2 E20 TRAIN] batch  912/1520 loss=0.5386 elapsed=12m39s eta=8m26s
2026-05-12 18:05:11 [INFO]   [F2 E20 TRAIN] batch 1064/1520 loss=0.5333 elapsed=14m45s eta=6m19s
2026-05-12 18:07:17 [INFO]   [F2 E20 TRAIN] batch 1216/1520 loss=0.5382 elapsed=16m52s eta=4m13s
2026-05-12 18:09:23 [INFO]   [F2 E20 TRAIN] batch 1368/1520 loss=0.5365 elapsed=18m58s eta=2m06s
2026-05-12 18:11:31 [INFO]   [F2 E20 TRAIN] batch 1520/1520 loss=0.5367 elapsed=21m05s eta=0s
2026-05-12 18:11:32 [INFO]   [F2 E20 VAL] batch    1/8 elapsed=0s
2026-05-12 18:11:32 [INFO]   [F2 E20 VAL] batch    2/8 elapsed=1s
2026-05-12 18:11:32 [INFO]   [F2 E20 VAL] batch    3/8 elapsed=1s
2026-05-12 18:11:32 [INFO]   [F2 E20 VAL] batch    4/8 elapsed=1s
2026-05-12 18:11:33 [INFO]   [F2 E20 VAL] batch    5/8 elapsed=2s
2026-05-12 18:11:33 [INFO]   [F2 E20 VAL] batch    6/8 elapsed=2s
2026-05-12 18:11:33 [INFO]   [F2 E20 VAL] batch    7/8 elapsed=2s
2026-05-12 18:11:33 [INFO]   [F2 E20 VAL] batch    8/8 elapsed=2s
2026-05-12 18:11:35 [INFO]   [F2 E20 EMA] batch    1/8 elapsed=1s
2026-05-12 18:11:35 [INFO]   [F2 E20 EMA] batch    2/8 elapsed=1s
2026-05-12 18:11:36 [INFO]   [F2 E20 EMA] batch    3/8 elapsed=2s
2026-05-12 18:11:37 [INFO]   [F2 E20 EMA] batch    4/8 elapsed=3s
2026-05-12 18:11:37 [INFO]   [F2 E20 EMA] batch    5/8 elapsed=3s
2026-05-12 18:11:38 [INFO]   [F2 E20 EMA] batch    6/8 elapsed=4s
2026-05-12 18:11:38 [INFO]   [F2 E20 EMA] batch    7/8 elapsed=4s
2026-05-12 18:11:39 [INFO]   [F2 E20 EMA] batch    8/8 elapsed=5s
2026-05-12 18:11:39 [INFO]   [----] F2 E20 train L=0.5367 F1=0.8319 | val[ema] L=0.5464 F1=0.9701 | epoch=21m13s
2026-05-12 18:11:39 [INFO]   -- Epoch 21/30 [cosine] lr=3.03e-05 --
2026-05-12 18:13:46 [INFO]   [F2 E21 TRAIN] batch  152/1520 loss=0.5541 elapsed=2m07s eta=19m05s
2026-05-12 18:15:52 [INFO]   [F2 E21 TRAIN] batch  304/1520 loss=0.5364 elapsed=4m13s eta=16m52s
2026-05-12 18:17:58 [INFO]   [F2 E21 TRAIN] batch  456/1520 loss=0.5416 elapsed=6m19s eta=14m45s
2026-05-12 18:20:04 [INFO]   [F2 E21 TRAIN] batch  608/1520 loss=0.5388 elapsed=8m25s eta=12m37s
2026-05-12 18:22:11 [INFO]   [F2 E21 TRAIN] batch  760/1520 loss=0.5388 elapsed=10m31s eta=10m31s
2026-05-12 18:24:16 [INFO]   [F2 E21 TRAIN] batch  912/1520 loss=0.5410 elapsed=12m37s eta=8m25s
2026-05-12 18:26:24 [INFO]   [F2 E21 TRAIN] batch 1064/1520 loss=0.5399 elapsed=14m45s eta=6m19s
2026-05-12 18:28:32 [INFO]   [F2 E21 TRAIN] batch 1216/1520 loss=0.5405 elapsed=16m52s eta=4m13s
2026-05-12 18:30:38 [INFO]   [F2 E21 TRAIN] batch 1368/1520 loss=0.5416 elapsed=18m58s eta=2m06s
2026-05-12 18:32:44 [INFO]   [F2 E21 TRAIN] batch 1520/1520 loss=0.5394 elapsed=21m05s eta=0s
2026-05-12 18:32:45 [INFO]   [F2 E21 VAL] batch    1/8 elapsed=0s
2026-05-12 18:32:45 [INFO]   [F2 E21 VAL] batch    2/8 elapsed=1s
2026-05-12 18:32:45 [INFO]   [F2 E21 VAL] batch    3/8 elapsed=1s
2026-05-12 18:32:46 [INFO]   [F2 E21 VAL] batch    4/8 elapsed=1s
2026-05-12 18:32:46 [INFO]   [F2 E21 VAL] batch    5/8 elapsed=1s
2026-05-12 18:32:46 [INFO]   [F2 E21 VAL] batch    6/8 elapsed=2s
2026-05-12 18:32:46 [INFO]   [F2 E21 VAL] batch    7/8 elapsed=2s
2026-05-12 18:32:47 [INFO]   [F2 E21 VAL] batch    8/8 elapsed=2s
2026-05-12 18:32:48 [INFO]   [F2 E21 EMA] batch    1/8 elapsed=1s
2026-05-12 18:32:48 [INFO]   [F2 E21 EMA] batch    2/8 elapsed=1s
2026-05-12 18:32:49 [INFO]   [F2 E21 EMA] batch    3/8 elapsed=2s
2026-05-12 18:32:50 [INFO]   [F2 E21 EMA] batch    4/8 elapsed=2s
2026-05-12 18:32:50 [INFO]   [F2 E21 EMA] batch    5/8 elapsed=3s
2026-05-12 18:32:51 [INFO]   [F2 E21 EMA] batch    6/8 elapsed=4s
2026-05-12 18:32:52 [INFO]   [F2 E21 EMA] batch    7/8 elapsed=4s
2026-05-12 18:32:52 [INFO]   [F2 E21 EMA] batch    8/8 elapsed=5s
2026-05-12 18:32:52 [INFO]   [----] F2 E21 train L=0.5394 F1=0.8221 | val[ema] L=0.5573 F1=0.9701 | epoch=21m13s
2026-05-12 18:32:52 [INFO]   -- Epoch 22/30 [cosine] lr=2.51e-05 --
2026-05-12 18:35:00 [INFO]   [F2 E22 TRAIN] batch  152/1520 loss=0.5335 elapsed=2m08s eta=19m12s
2026-05-12 18:37:07 [INFO]   [F2 E22 TRAIN] batch  304/1520 loss=0.5212 elapsed=4m14s eta=16m59s
2026-05-12 18:39:14 [INFO]   [F2 E22 TRAIN] batch  456/1520 loss=0.5180 elapsed=6m22s eta=14m51s
2026-05-12 18:41:21 [INFO]   [F2 E22 TRAIN] batch  608/1520 loss=0.5125 elapsed=8m28s eta=12m43s
2026-05-12 18:43:28 [INFO]   [F2 E22 TRAIN] batch  760/1520 loss=0.5130 elapsed=10m36s eta=10m36s
2026-05-12 18:45:34 [INFO]   [F2 E22 TRAIN] batch  912/1520 loss=0.5151 elapsed=12m42s eta=8m28s
2026-05-12 18:47:40 [INFO]   [F2 E22 TRAIN] batch 1064/1520 loss=0.5143 elapsed=14m47s eta=6m20s
