2026-05-08 06:49:01 [INFO] === V8a Training gestartet ===
2026-05-08 06:49:01 [INFO] Logfile : runs/v8a_t2/train_20260508_064901.log
2026-05-08 06:49:01 [INFO] Stats   : runs/v8a_t2/stats_20260508_064901.csv
2026-05-08 06:49:01 [INFO] PID     : 943
2026-05-08 06:49:01 [INFO] CWD     : /home/jovyan/work/notebooks/Maschine learning/Neuronale netzwerke/Mittelstufenprojekt/Mittelstufenprojekt/Mittelstufenprojekt/Fabian
2026-05-08 06:49:01 [INFO] Python  : 3.10.7
2026-05-08 06:49:04 [INFO] DATA_ROOT = /datasets/multi-view-pig-posture-recognition
2026-05-08 06:49:04 [INFO] Device: cuda
2026-05-08 06:49:04 [INFO]   GPU 0: Tesla V100-SXM2-32GB (33.8 GB)
2026-05-08 06:49:04 [INFO]   GPU 1: Tesla V100-SXM2-32GB (33.8 GB)
2026-05-08 06:49:04 [INFO]   GPU 2: Tesla V100-SXM2-32GB (33.8 GB)
2026-05-08 06:49:04 [INFO]   GPU 3: Tesla V100-SXM2-32GB (33.8 GB)
2026-05-08 06:49:04 [INFO] ============================================================
2026-05-08 06:49:04 [INFO] Daten laden
2026-05-08 06:49:04 [INFO] ============================================================
2026-05-08 06:49:04 [INFO] Pseudo-Labels: 1000 hinzugefuegt
2026-05-08 06:49:04 [INFO]   pseudo 0 - Lateral_lying_left       200
2026-05-08 06:49:04 [INFO]   pseudo 1 - Lateral_lying_right      200
2026-05-08 06:49:04 [INFO]   pseudo 2 - Sitting                  200
2026-05-08 06:49:04 [INFO]   pseudo 3 - Standing                 200
2026-05-08 06:49:04 [INFO]   pseudo 4 - Sternal_lying            200
2026-05-08 06:49:04 [INFO] Instanzen total: 24450  echt: 23450  pseudo: 1000
2026-05-08 06:49:04 [INFO]   klasse 0 - Lateral_lying_left      3283
2026-05-08 06:49:04 [INFO]   klasse 1 - Lateral_lying_right     3635
2026-05-08 06:49:04 [INFO]   klasse 2 - Sitting                  895
2026-05-08 06:49:04 [INFO]   klasse 3 - Standing               10128
2026-05-08 06:49:04 [INFO]   klasse 4 - Sternal_lying           6509
2026-05-08 06:49:04 [INFO] STRICT CLO auf Test-Kameras: ['pen1_tur_cam1', 'pen2_orb_cam2', 'pen2_tur_cam2']
2026-05-08 06:49:04 [INFO] 
3 Folds:
2026-05-08 06:49:04 [INFO]   Fold 1: Val=pen1_tur_cam1 (200 echt) | Train=24250 (23250 echt + 1000 pseudo)
2026-05-08 06:49:04 [INFO]   Fold 2: Val=pen2_orb_cam2 (120 echt) | Train=24330 (23330 echt + 1000 pseudo)
2026-05-08 06:49:04 [INFO]   Fold 3: Val=pen2_tur_cam2 (196 echt) | Train=24254 (23254 echt + 1000 pseudo)
2026-05-08 06:49:04 [INFO] ############################################################
2026-05-08 06:49:04 [INFO]   ARCHITEKTUR 1/1: dinov2l (vit_large_patch14_dinov2.lvd142m)
2026-05-08 06:49:04 [INFO] ############################################################
2026-05-08 06:49:04 [INFO] ============================================================
2026-05-08 06:49:04 [INFO]   [dinov2l] FOLD 1/3  Val=pen1_tur_cam1
2026-05-08 06:49:04 [INFO] ============================================================
2026-05-08 06:49:04 [INFO]   Train: 24250 (1000 pseudo) | Val: 200 | effBatch=32
2026-05-08 06:49:04 [INFO]   Checkpoint existiert (val_f1=0.8557), skip
2026-05-08 06:49:04 [INFO] ============================================================
2026-05-08 06:49:04 [INFO]   [dinov2l] FOLD 2/3  Val=pen2_orb_cam2
2026-05-08 06:49:04 [INFO] ============================================================
2026-05-08 06:49:04 [INFO]   Train: 24330 (1000 pseudo) | Val: 120 | effBatch=32
2026-05-08 06:49:09 [INFO] Loading pretrained weights from Hugging Face hub (timm/vit_large_patch14_dinov2.lvd142m)
2026-05-08 06:49:09 [INFO] [timm/vit_large_patch14_dinov2.lvd142m] Safe alternative available for 'pytorch_model.bin' (as 'model.safetensors'). Loading weights using safetensors.
2026-05-08 06:49:10 [INFO] Missing keys (head.weight, head.bias) discovered while loading pretrained weights. This is expected if model is being adapted.
2026-05-08 06:49:11 [INFO]   Modell: vit_large_patch14_dinov2.lvd142m (304.4M Params)
2026-05-08 06:49:11 [INFO]   nach Model-Init MEM: GPU0=1.2/1.2GB GPU1=0.0/0.0GB GPU2=0.0/0.0GB GPU3=0.0/0.0GB
2026-05-08 06:49:11 [INFO]   EMA aktiv (decay=0.9995)
2026-05-08 06:49:11 [INFO]   nach EMA-Init MEM: GPU0=2.4/2.4GB GPU1=0.0/0.0GB GPU2=0.0/0.0GB GPU3=0.0/0.0GB
2026-05-08 06:49:11 [INFO]   CW: ['1.49', '1.35', '5.44', '0.48', '0.75']
2026-05-08 06:49:11 [INFO]   ViT LLRD: 24 Layers, decay=0.75, 50 groups
2026-05-08 06:49:11 [INFO]   -- Epoch 01/30 [warmup] lr=1.00e-06 --
2026-05-08 06:49:27 [ERROR] FATAL: Training crashed
2026-05-08 06:49:27 [ERROR] Traceback (most recent call last):
  File "/home/jovyan/work/notebooks/Maschine learning/Neuronale netzwerke/Mittelstufenprojekt/Mittelstufenprojekt/Mittelstufenprojekt/Fabian/v8a_train.py", line 774, in <module>
    main()
  File "/home/jovyan/work/notebooks/Maschine learning/Neuronale netzwerke/Mittelstufenprojekt/Mittelstufenprojekt/Mittelstufenprojekt/Fabian/v8a_train.py", line 680, in main
    train_loss, train_f1, _ = train_one_epoch(
  File "/home/jovyan/work/notebooks/Maschine learning/Neuronale netzwerke/Mittelstufenprojekt/Mittelstufenprojekt/Mittelstufenprojekt/Fabian/v8a_train.py", line 479, in train_one_epoch
    logits = model(imgs_m)
  File "/opt/conda/envs/torch/lib/python3.10/site-packages/torch/nn/modules/module.py", line 1130, in _call_impl
    return forward_call(*input, **kwargs)
  File "/opt/conda/envs/torch/lib/python3.10/site-packages/torch/nn/parallel/data_parallel.py", line 168, in forward
    outputs = self.parallel_apply(replicas, inputs, kwargs)
  File "/opt/conda/envs/torch/lib/python3.10/site-packages/torch/nn/parallel/data_parallel.py", line 178, in parallel_apply
    return parallel_apply(replicas, inputs, kwargs, self.device_ids[:len(replicas)])
  File "/opt/conda/envs/torch/lib/python3.10/site-packages/torch/nn/parallel/parallel_apply.py", line 86, in parallel_apply
    output.reraise()
  File "/opt/conda/envs/torch/lib/python3.10/site-packages/torch/_utils.py", line 461, in reraise
    raise exception
RuntimeError: Caught RuntimeError in replica 0 on device 0.
Original Traceback (most recent call last):
  File "/opt/conda/envs/torch/lib/python3.10/site-packages/torch/nn/parallel/parallel_apply.py", line 61, in _worker
    output = module(*input, **kwargs)
  File "/opt/conda/envs/torch/lib/python3.10/site-packages/torch/nn/modules/module.py", line 1130, in _call_impl
    return forward_call(*input, **kwargs)
  File "/opt/conda/envs/torch/lib/python3.10/site-packages/timm/models/vision_transformer.py", line 1300, in forward
    x = self.forward_features(x, attn_mask=attn_mask, is_causal=is_causal)
  File "/opt/conda/envs/torch/lib/python3.10/site-packages/timm/models/vision_transformer.py", line 1250, in forward_features
    x = self.blocks(x)
  File "/opt/conda/envs/torch/lib/python3.10/site-packages/torch/nn/modules/module.py", line 1130, in _call_impl
    return forward_call(*input, **kwargs)
  File "/opt/conda/envs/torch/lib/python3.10/site-packages/torch/nn/modules/container.py", line 139, in forward
    input = module(input)
  File "/opt/conda/envs/torch/lib/python3.10/site-packages/torch/nn/modules/module.py", line 1130, in _call_impl
    return forward_call(*input, **kwargs)
  File "/opt/conda/envs/torch/lib/python3.10/site-packages/timm/models/vision_transformer.py", line 212, in forward
    x = x + self.drop_path1(self.ls1(self.attn(self.norm1(x), attn_mask=attn_mask, is_causal=is_causal)))
  File "/opt/conda/envs/torch/lib/python3.10/site-packages/torch/nn/modules/module.py", line 1130, in _call_impl
    return forward_call(*input, **kwargs)
  File "/opt/conda/envs/torch/lib/python3.10/site-packages/timm/layers/attention.py", line 131, in forward
    attn = attn.softmax(dim=-1)
RuntimeError: CUDA out of memory. Tried to allocate 460.00 MiB (GPU 0; 31.75 GiB total capacity; 26.93 GiB already allocated; 1.62 GiB free; 27.36 GiB reserved in total by PyTorch) If reserved memory is >> allocated memory try setting max_split_size_mb to avoid fragmentation.  See documentation for Memory Management and PYTORCH_CUDA_ALLOC_CONF


2026-05-08 06:49:27 [INFO]   bei Crash MEM: GPU0=6.1/29.4GB GPU1=24.6/26.7GB GPU2=24.6/26.7GB GPU3=24.6/26.7GB
2026-05-08 06:49:27 [INFO] === Total time: 22s ===
