2026-05-08 19:36:48 [INFO] === V8a Training gestartet ===
2026-05-08 19:36:48 [INFO] Logfile : runs/v8a_t2/train_20260508_193648.log
2026-05-08 19:36:48 [INFO] Stats   : runs/v8a_t2/stats_20260508_193648.csv
2026-05-08 19:36:48 [INFO] PID     : 171
2026-05-08 19:36:48 [INFO] CWD     : /home/jovyan/work/notebooks/Maschine learning/Neuronale netzwerke/Mittelstufenprojekt/Mittelstufenprojekt/Mittelstufenprojekt/Fabian
2026-05-08 19:36:48 [INFO] Python  : 3.10.7
2026-05-08 19:36:51 [INFO] DATA_ROOT = /datasets/multi-view-pig-posture-recognition
2026-05-08 19:36:51 [INFO] Device (Master): cuda:1  |  device_ids=[1, 0, 2, 3]
2026-05-08 19:36:51 [INFO]   GPU 0: Tesla V100-SXM2-32GB (33.8 GB)  [replica]
2026-05-08 19:36:51 [INFO]   GPU 1: Tesla V100-SXM2-32GB (33.8 GB)  [MASTER]
2026-05-08 19:36:51 [INFO]   GPU 2: Tesla V100-SXM2-32GB (33.8 GB)  [replica]
2026-05-08 19:36:51 [INFO]   GPU 3: Tesla V100-SXM2-32GB (33.8 GB)  [replica]
2026-05-08 19:36:51 [INFO] ============================================================
2026-05-08 19:36:51 [INFO] Daten laden
2026-05-08 19:36:51 [INFO] ============================================================
2026-05-08 19:36:51 [INFO] Pseudo-Labels: 1000 hinzugefuegt
2026-05-08 19:36:51 [INFO]   pseudo 0 - Lateral_lying_left       200
2026-05-08 19:36:51 [INFO]   pseudo 1 - Lateral_lying_right      200
2026-05-08 19:36:51 [INFO]   pseudo 2 - Sitting                  200
2026-05-08 19:36:51 [INFO]   pseudo 3 - Standing                 200
2026-05-08 19:36:51 [INFO]   pseudo 4 - Sternal_lying            200
2026-05-08 19:36:51 [INFO] Instanzen total: 24450  echt: 23450  pseudo: 1000
2026-05-08 19:36:51 [INFO]   klasse 0 - Lateral_lying_left      3283
2026-05-08 19:36:51 [INFO]   klasse 1 - Lateral_lying_right     3635
2026-05-08 19:36:51 [INFO]   klasse 2 - Sitting                  895
2026-05-08 19:36:51 [INFO]   klasse 3 - Standing               10128
2026-05-08 19:36:51 [INFO]   klasse 4 - Sternal_lying           6509
2026-05-08 19:36:51 [INFO] STRICT CLO auf Test-Kameras: ['pen1_tur_cam1', 'pen2_orb_cam2', 'pen2_tur_cam2']
2026-05-08 19:36:51 [INFO] 
3 Folds:
2026-05-08 19:36:51 [INFO]   Fold 1: Val=pen1_tur_cam1 (200 echt) | Train=24250 (23250 echt + 1000 pseudo)
2026-05-08 19:36:51 [INFO]   Fold 2: Val=pen2_orb_cam2 (120 echt) | Train=24330 (23330 echt + 1000 pseudo)
2026-05-08 19:36:51 [INFO]   Fold 3: Val=pen2_tur_cam2 (196 echt) | Train=24254 (23254 echt + 1000 pseudo)
2026-05-08 19:36:51 [INFO] ############################################################
2026-05-08 19:36:51 [INFO]   ARCHITEKTUR 1/1: dinov2l (vit_large_patch14_dinov2.lvd142m)
2026-05-08 19:36:51 [INFO] ############################################################
2026-05-08 19:36:51 [INFO] ============================================================
2026-05-08 19:36:51 [INFO]   [dinov2l] FOLD 1/3  Val=pen1_tur_cam1
2026-05-08 19:36:51 [INFO] ============================================================
2026-05-08 19:36:51 [INFO]   Train: 24250 (1000 pseudo) | Val: 200 | effBatch=32
2026-05-08 19:36:51 [INFO]   Checkpoint existiert (val_f1=0.8557), skip
2026-05-08 19:36:51 [INFO] ============================================================
2026-05-08 19:36:51 [INFO]   [dinov2l] FOLD 2/3  Val=pen2_orb_cam2
2026-05-08 19:36:51 [INFO] ============================================================
2026-05-08 19:36:51 [INFO]   Train: 24330 (1000 pseudo) | Val: 120 | effBatch=32
2026-05-08 19:36:51 [INFO]   Checkpoint existiert (val_f1=0.9701), skip
2026-05-08 19:36:51 [INFO] ============================================================
2026-05-08 19:36:51 [INFO]   [dinov2l] FOLD 3/3  Val=pen2_tur_cam2
2026-05-08 19:36:51 [INFO] ============================================================
2026-05-08 19:36:51 [INFO]   Train: 24254 (1000 pseudo) | Val: 196 | effBatch=32
2026-05-08 19:36:56 [INFO] Loading pretrained weights from Hugging Face hub (timm/vit_large_patch14_dinov2.lvd142m)
2026-05-08 19:36:57 [WARNING] Xet Storage is enabled for this repo, but the 'hf_xet' package is not installed. Falling back to regular HTTP download. For better performance, install the package with: `pip install huggingface_hub[hf_xet]` or `pip install hf_xet`
2026-05-08 19:37:07 [INFO] [timm/vit_large_patch14_dinov2.lvd142m] Safe alternative available for 'pytorch_model.bin' (as 'model.safetensors'). Loading weights using safetensors.
2026-05-08 19:37:08 [INFO] Missing keys (head.weight, head.bias) discovered while loading pretrained weights. This is expected if model is being adapted.
2026-05-08 19:37:09 [INFO]   Modell: vit_large_patch14_dinov2.lvd142m (304.4M Params)
2026-05-08 19:37:09 [INFO]   nach Model-Init MEM: GPU0=0.0/0.0GB GPU1=1.2/1.2GB GPU2=0.0/0.0GB GPU3=0.0/0.0GB
2026-05-08 19:37:09 [INFO]   EMA aktiv (decay=0.9995)
2026-05-08 19:37:09 [INFO]   nach EMA-Init MEM: GPU0=0.0/0.0GB GPU1=2.4/2.4GB GPU2=0.0/0.0GB GPU3=0.0/0.0GB
2026-05-08 19:37:09 [INFO]   CW: ['1.48', '1.34', '5.49', '0.48', '0.75']
2026-05-08 19:37:09 [INFO]   ViT LLRD: 24 Layers, decay=0.75, 50 groups
2026-05-08 19:37:09 [INFO]   -- Epoch 01/30 [warmup] lr=1.00e-06 --
2026-05-08 19:39:04 [INFO]   [F3 E01 TRAIN] batch  151/1515 loss=1.7681 elapsed=1m55s eta=17m19s
2026-05-08 19:40:45 [INFO]   [F3 E01 TRAIN] batch  302/1515 loss=1.6481 elapsed=3m35s eta=14m27s
2026-05-08 19:42:26 [INFO]   [F3 E01 TRAIN] batch  453/1515 loss=1.5830 elapsed=5m16s eta=12m22s
2026-05-08 19:44:06 [INFO]   [F3 E01 TRAIN] batch  604/1515 loss=1.5302 elapsed=6m57s eta=10m29s
2026-05-08 19:45:47 [INFO]   [F3 E01 TRAIN] batch  755/1515 loss=1.4745 elapsed=8m37s eta=8m41s
2026-05-08 19:47:28 [INFO]   [F3 E01 TRAIN] batch  906/1515 loss=1.4338 elapsed=10m18s eta=6m55s
2026-05-08 19:49:09 [INFO]   [F3 E01 TRAIN] batch 1057/1515 loss=1.3928 elapsed=11m59s eta=5m11s
2026-05-08 19:50:50 [INFO]   [F3 E01 TRAIN] batch 1208/1515 loss=1.3764 elapsed=13m40s eta=3m28s
2026-05-08 19:52:30 [INFO]   [F3 E01 TRAIN] batch 1359/1515 loss=1.3577 elapsed=15m20s eta=1m45s
2026-05-08 19:54:11 [INFO]   [F3 E01 TRAIN] batch 1510/1515 loss=1.3372 elapsed=17m01s eta=3s
2026-05-08 19:54:14 [INFO]   [F3 E01 TRAIN] batch 1515/1515 loss=1.3364 elapsed=17m04s eta=0s
2026-05-08 19:54:17 [INFO]   [F3 E01 VAL] batch    2/13 elapsed=2s
2026-05-08 19:54:17 [INFO]   [F3 E01 VAL] batch    4/13 elapsed=2s
2026-05-08 19:54:18 [INFO]   [F3 E01 VAL] batch    6/13 elapsed=3s
2026-05-08 19:54:18 [INFO]   [F3 E01 VAL] batch    8/13 elapsed=4s
2026-05-08 19:54:19 [INFO]   [F3 E01 VAL] batch   10/13 elapsed=4s
2026-05-08 19:54:19 [INFO]   [F3 E01 VAL] batch   12/13 elapsed=5s
2026-05-08 19:54:19 [INFO]   [F3 E01 VAL] batch   13/13 elapsed=5s
2026-05-08 19:54:23 [INFO]   [F3 E01 EMA] batch    2/13 elapsed=3s
2026-05-08 19:54:24 [INFO]   [F3 E01 EMA] batch    4/13 elapsed=4s
2026-05-08 19:54:25 [INFO]   [F3 E01 EMA] batch    6/13 elapsed=5s
2026-05-08 19:54:26 [INFO]   [F3 E01 EMA] batch    8/13 elapsed=6s
2026-05-08 19:54:28 [INFO]   [F3 E01 EMA] batch   10/13 elapsed=8s
2026-05-08 19:54:29 [INFO]   [F3 E01 EMA] batch   12/13 elapsed=9s
2026-05-08 19:54:29 [INFO]   [F3 E01 EMA] batch   13/13 elapsed=9s
2026-05-08 19:54:29 [INFO]   [BEST] F3 E01 train L=1.3364 F1=0.4125 | val[model] L=1.1654 F1=0.4837 | epoch=17m19s
2026-05-08 19:54:30 [INFO]     saved runs/v8a_t2/best_dinov2l_fold_3.pth
2026-05-08 19:54:30 [INFO]   -- Epoch 02/30 [warmup] lr=3.40e-05 --
2026-05-08 19:56:13 [INFO]   [F3 E02 TRAIN] batch  151/1515 loss=1.2710 elapsed=1m42s eta=15m27s
2026-05-08 19:57:54 [INFO]   [F3 E02 TRAIN] batch  302/1515 loss=1.1832 elapsed=3m23s eta=13m37s
2026-05-08 19:59:34 [INFO]   [F3 E02 TRAIN] batch  453/1515 loss=1.0824 elapsed=5m03s eta=11m52s
2026-05-08 20:01:14 [INFO]   [F3 E02 TRAIN] batch  604/1515 loss=1.0334 elapsed=6m44s eta=10m09s
2026-05-08 20:02:55 [INFO]   [F3 E02 TRAIN] batch  755/1515 loss=0.9892 elapsed=8m24s eta=8m27s
2026-05-08 20:04:36 [INFO]   [F3 E02 TRAIN] batch  906/1515 loss=0.9652 elapsed=10m05s eta=6m47s
2026-05-08 20:06:17 [INFO]   [F3 E02 TRAIN] batch 1057/1515 loss=0.9432 elapsed=11m46s eta=5m06s
2026-05-08 20:07:57 [INFO]   [F3 E02 TRAIN] batch 1208/1515 loss=0.9218 elapsed=13m26s eta=3m25s
2026-05-08 20:09:38 [INFO]   [F3 E02 TRAIN] batch 1359/1515 loss=0.9055 elapsed=15m07s eta=1m44s
2026-05-08 20:11:18 [INFO]   [F3 E02 TRAIN] batch 1510/1515 loss=0.8917 elapsed=16m47s eta=3s
2026-05-08 20:11:21 [INFO]   [F3 E02 TRAIN] batch 1515/1515 loss=0.8908 elapsed=16m50s eta=0s
2026-05-08 20:11:23 [INFO]   [F3 E02 VAL] batch    2/13 elapsed=1s
2026-05-08 20:11:24 [INFO]   [F3 E02 VAL] batch    4/13 elapsed=2s
2026-05-08 20:11:24 [INFO]   [F3 E02 VAL] batch    6/13 elapsed=3s
2026-05-08 20:11:25 [INFO]   [F3 E02 VAL] batch    8/13 elapsed=3s
2026-05-08 20:11:25 [INFO]   [F3 E02 VAL] batch   10/13 elapsed=4s
2026-05-08 20:11:26 [INFO]   [F3 E02 VAL] batch   12/13 elapsed=4s
2026-05-08 20:11:26 [INFO]   [F3 E02 VAL] batch   13/13 elapsed=4s
2026-05-08 20:11:29 [INFO]   [F3 E02 EMA] batch    2/13 elapsed=2s
2026-05-08 20:11:30 [INFO]   [F3 E02 EMA] batch    4/13 elapsed=3s
2026-05-08 20:11:31 [INFO]   [F3 E02 EMA] batch    6/13 elapsed=4s
2026-05-08 20:11:32 [INFO]   [F3 E02 EMA] batch    8/13 elapsed=6s
2026-05-08 20:11:34 [INFO]   [F3 E02 EMA] batch   10/13 elapsed=7s
2026-05-08 20:11:35 [INFO]   [F3 E02 EMA] batch   12/13 elapsed=8s
2026-05-08 20:11:35 [INFO]   [F3 E02 EMA] batch   13/13 elapsed=8s
2026-05-08 20:11:35 [INFO]   [BEST] F3 E02 train L=0.8908 F1=0.6772 | val[model] L=0.6760 F1=0.8606 | epoch=17m04s
2026-05-08 20:11:37 [INFO]     saved runs/v8a_t2/best_dinov2l_fold_3.pth
2026-05-08 20:11:37 [INFO]   -- Epoch 03/30 [warmup] lr=6.70e-05 --
2026-05-08 20:13:19 [INFO]   [F3 E03 TRAIN] batch  151/1515 loss=0.7704 elapsed=1m42s eta=15m22s
2026-05-08 20:14:59 [INFO]   [F3 E03 TRAIN] batch  302/1515 loss=0.7681 elapsed=3m22s eta=13m34s
2026-05-08 20:16:40 [INFO]   [F3 E03 TRAIN] batch  453/1515 loss=0.7748 elapsed=5m03s eta=11m50s
2026-05-08 20:18:20 [INFO]   [F3 E03 TRAIN] batch  604/1515 loss=0.7600 elapsed=6m43s eta=10m08s
2026-05-08 20:20:00 [INFO]   [F3 E03 TRAIN] batch  755/1515 loss=0.7536 elapsed=8m23s eta=8m26s
2026-05-08 20:21:41 [INFO]   [F3 E03 TRAIN] batch  906/1515 loss=0.7522 elapsed=10m04s eta=6m46s
2026-05-08 20:23:22 [INFO]   [F3 E03 TRAIN] batch 1057/1515 loss=0.7581 elapsed=11m45s eta=5m05s
2026-05-08 20:25:03 [INFO]   [F3 E03 TRAIN] batch 1208/1515 loss=0.7676 elapsed=13m26s eta=3m25s
2026-05-08 20:26:44 [INFO]   [F3 E03 TRAIN] batch 1359/1515 loss=0.7633 elapsed=15m07s eta=1m44s
2026-05-08 20:28:24 [INFO]   [F3 E03 TRAIN] batch 1510/1515 loss=0.7630 elapsed=16m47s eta=3s
2026-05-08 20:28:27 [INFO]   [F3 E03 TRAIN] batch 1515/1515 loss=0.7629 elapsed=16m50s eta=0s
2026-05-08 20:28:29 [INFO]   [F3 E03 VAL] batch    2/13 elapsed=1s
2026-05-08 20:28:30 [INFO]   [F3 E03 VAL] batch    4/13 elapsed=2s
2026-05-08 20:28:30 [INFO]   [F3 E03 VAL] batch    6/13 elapsed=2s
2026-05-08 20:28:31 [INFO]   [F3 E03 VAL] batch    8/13 elapsed=3s
2026-05-08 20:28:31 [INFO]   [F3 E03 VAL] batch   10/13 elapsed=3s
2026-05-08 20:28:32 [INFO]   [F3 E03 VAL] batch   12/13 elapsed=4s
2026-05-08 20:28:32 [INFO]   [F3 E03 VAL] batch   13/13 elapsed=4s
2026-05-08 20:28:34 [INFO]   [F3 E03 EMA] batch    2/13 elapsed=2s
2026-05-08 20:28:36 [INFO]   [F3 E03 EMA] batch    4/13 elapsed=3s
2026-05-08 20:28:37 [INFO]   [F3 E03 EMA] batch    6/13 elapsed=4s
2026-05-08 20:28:38 [INFO]   [F3 E03 EMA] batch    8/13 elapsed=6s
2026-05-08 20:28:39 [INFO]   [F3 E03 EMA] batch   10/13 elapsed=7s
2026-05-08 20:28:41 [INFO]   [F3 E03 EMA] batch   12/13 elapsed=8s
2026-05-08 20:28:41 [INFO]   [F3 E03 EMA] batch   13/13 elapsed=8s
2026-05-08 20:28:41 [INFO]   [----] F3 E03 train L=0.7629 F1=0.7364 | val[model] L=0.7875 F1=0.8259 | epoch=17m04s
2026-05-08 20:28:41 [INFO]   -- Epoch 04/30 [cosine] lr=1.00e-04 --
2026-05-08 20:30:22 [INFO]   [F3 E04 TRAIN] batch  151/1515 loss=0.7327 elapsed=1m41s eta=15m13s
2026-05-08 20:32:04 [INFO]   [F3 E04 TRAIN] batch  302/1515 loss=0.7105 elapsed=3m22s eta=13m35s
2026-05-08 20:33:44 [INFO]   [F3 E04 TRAIN] batch  453/1515 loss=0.7168 elapsed=5m03s eta=11m51s
2026-05-08 20:35:25 [INFO]   [F3 E04 TRAIN] batch  604/1515 loss=0.7162 elapsed=6m44s eta=10m09s
2026-05-08 20:37:05 [INFO]   [F3 E04 TRAIN] batch  755/1515 loss=0.7128 elapsed=8m24s eta=8m27s
2026-05-08 20:38:45 [INFO]   [F3 E04 TRAIN] batch  906/1515 loss=0.7252 elapsed=10m04s eta=6m46s
2026-05-08 20:40:26 [INFO]   [F3 E04 TRAIN] batch 1057/1515 loss=0.7242 elapsed=11m45s eta=5m05s
2026-05-08 20:42:06 [INFO]   [F3 E04 TRAIN] batch 1208/1515 loss=0.7214 elapsed=13m25s eta=3m24s
2026-05-08 20:43:47 [INFO]   [F3 E04 TRAIN] batch 1359/1515 loss=0.7286 elapsed=15m06s eta=1m44s
2026-05-08 20:45:27 [INFO]   [F3 E04 TRAIN] batch 1510/1515 loss=0.7274 elapsed=16m46s eta=3s
2026-05-08 20:45:30 [INFO]   [F3 E04 TRAIN] batch 1515/1515 loss=0.7270 elapsed=16m49s eta=0s
2026-05-08 20:45:32 [INFO]   [F3 E04 VAL] batch    2/13 elapsed=1s
2026-05-08 20:45:33 [INFO]   [F3 E04 VAL] batch    4/13 elapsed=2s
2026-05-08 20:45:33 [INFO]   [F3 E04 VAL] batch    6/13 elapsed=3s
2026-05-08 20:45:34 [INFO]   [F3 E04 VAL] batch    8/13 elapsed=3s
2026-05-08 20:45:35 [INFO]   [F3 E04 VAL] batch   10/13 elapsed=4s
2026-05-08 20:45:35 [INFO]   [F3 E04 VAL] batch   12/13 elapsed=4s
2026-05-08 20:45:35 [INFO]   [F3 E04 VAL] batch   13/13 elapsed=4s
2026-05-08 20:45:38 [INFO]   [F3 E04 EMA] batch    2/13 elapsed=2s
2026-05-08 20:45:39 [INFO]   [F3 E04 EMA] batch    4/13 elapsed=3s
2026-05-08 20:45:40 [INFO]   [F3 E04 EMA] batch    6/13 elapsed=4s
2026-05-08 20:45:42 [INFO]   [F3 E04 EMA] batch    8/13 elapsed=6s
2026-05-08 20:45:43 [INFO]   [F3 E04 EMA] batch   10/13 elapsed=7s
2026-05-08 20:45:44 [INFO]   [F3 E04 EMA] batch   12/13 elapsed=8s
2026-05-08 20:45:44 [INFO]   [F3 E04 EMA] batch   13/13 elapsed=8s
2026-05-08 20:45:44 [INFO]   [----] F3 E04 train L=0.7270 F1=0.7545 | val[ema] L=0.7174 F1=0.8492 | epoch=17m03s
2026-05-08 20:45:44 [INFO]   -- Epoch 05/30 [cosine] lr=9.97e-05 --
2026-05-08 20:47:26 [INFO]   [F3 E05 TRAIN] batch  151/1515 loss=0.6457 elapsed=1m41s eta=15m18s
2026-05-08 20:49:06 [INFO]   [F3 E05 TRAIN] batch  302/1515 loss=0.6617 elapsed=3m22s eta=13m32s
2026-05-08 20:50:47 [INFO]   [F3 E05 TRAIN] batch  453/1515 loss=0.6796 elapsed=5m02s eta=11m50s
2026-05-08 20:52:27 [INFO]   [F3 E05 TRAIN] batch  604/1515 loss=0.6802 elapsed=6m43s eta=10m08s
2026-05-08 20:54:08 [INFO]   [F3 E05 TRAIN] batch  755/1515 loss=0.6775 elapsed=8m23s eta=8m26s
2026-05-08 20:55:48 [INFO]   [F3 E05 TRAIN] batch  906/1515 loss=0.6876 elapsed=10m03s eta=6m45s
2026-05-08 20:57:29 [INFO]   [F3 E05 TRAIN] batch 1057/1515 loss=0.6832 elapsed=11m44s eta=5m05s
2026-05-08 20:59:10 [INFO]   [F3 E05 TRAIN] batch 1208/1515 loss=0.6808 elapsed=13m25s eta=3m24s
