2026-05-11 12:51:52 [INFO] === V8b Training (KD) gestartet ===
2026-05-11 12:51:52 [INFO] Logfile : runs/v8b_t2/train_20260511_125152.log
2026-05-11 12:51:52 [INFO] Stats   : runs/v8b_t2/stats_20260511_125152.csv
2026-05-11 12:51:52 [INFO] PID     : 37989
2026-05-11 12:51:52 [INFO] CWD     : /home/jovyan/work/notebooks/Maschine learning/Neuronale netzwerke/Mittelstufenprojekt/Mittelstufenprojekt/Mittelstufenprojekt/Fabian
2026-05-11 12:51:52 [INFO] Python  : 3.10.7
2026-05-11 12:51:55 [INFO] DATA_ROOT = /datasets/multi-view-pig-posture-recognition
2026-05-11 12:51:55 [INFO] Device (Master): cuda:1  |  device_ids=[1, 0, 2, 3]
2026-05-11 12:51:55 [INFO]   GPU 0: Tesla V100-SXM2-32GB (33.8 GB)  [replica]
2026-05-11 12:51:55 [INFO]   GPU 1: Tesla V100-SXM2-32GB (33.8 GB)  [MASTER]
2026-05-11 12:51:55 [INFO]   GPU 2: Tesla V100-SXM2-32GB (33.8 GB)  [replica]
2026-05-11 12:51:55 [INFO]   GPU 3: Tesla V100-SXM2-32GB (33.8 GB)  [replica]
2026-05-11 12:51:55 [INFO] ============================================================
2026-05-11 12:51:55 [INFO] Daten laden
2026-05-11 12:51:55 [INFO] ============================================================
2026-05-11 12:51:55 [INFO] Pseudo-Labels: 1000 hinzugefuegt
2026-05-11 12:51:55 [INFO]   pseudo 0 - Lateral_lying_left       200
2026-05-11 12:51:55 [INFO]   pseudo 1 - Lateral_lying_right      200
2026-05-11 12:51:55 [INFO]   pseudo 2 - Sitting                  200
2026-05-11 12:51:55 [INFO]   pseudo 3 - Standing                 200
2026-05-11 12:51:55 [INFO]   pseudo 4 - Sternal_lying            200
2026-05-11 12:51:55 [INFO] Instanzen total: 24450  echt: 23450  pseudo: 1000
2026-05-11 12:51:55 [INFO]   klasse 0 - Lateral_lying_left      3283
2026-05-11 12:51:55 [INFO]   klasse 1 - Lateral_lying_right     3635
2026-05-11 12:51:55 [INFO]   klasse 2 - Sitting                  895
2026-05-11 12:51:55 [INFO]   klasse 3 - Standing               10128
2026-05-11 12:51:55 [INFO]   klasse 4 - Sternal_lying           6509
2026-05-11 12:51:55 [INFO] STRICT CLO auf Test-Kameras: ['pen1_tur_cam1', 'pen2_orb_cam2', 'pen2_tur_cam2']
2026-05-11 12:51:55 [INFO] 
3 Folds:
2026-05-11 12:51:55 [INFO]   Fold 1: Val=pen1_tur_cam1 (200 echt) | Train=24250 (23250 echt + 1000 pseudo)
2026-05-11 12:51:55 [INFO]   Fold 2: Val=pen2_orb_cam2 (120 echt) | Train=24330 (23330 echt + 1000 pseudo)
2026-05-11 12:51:55 [INFO]   Fold 3: Val=pen2_tur_cam2 (196 echt) | Train=24254 (23254 echt + 1000 pseudo)
2026-05-11 12:51:55 [INFO] ============================================================
2026-05-11 12:51:55 [INFO] Schritt 1: Teacher-Soft-Targets
2026-05-11 12:51:55 [INFO] ============================================================
2026-05-11 12:51:55 [INFO] [CACHE] geladen: teacher_soft_t2_v7.npy  shape=(24450, 5)
2026-05-11 12:51:55 [INFO]   nach Teacher-Precompute MEM: GPU0=0.0/0.0GB GPU1=0.0/0.0GB GPU2=0.0/0.0GB GPU3=0.0/0.0GB
2026-05-11 12:51:55 [INFO] ============================================================
2026-05-11 12:51:55 [INFO] Schritt 2: Student-Training mit KD
2026-05-11 12:51:55 [INFO] KD: alpha=0.5, T=4.0
2026-05-11 12:51:55 [INFO] ============================================================
2026-05-11 12:51:55 [INFO] ############################################################
2026-05-11 12:51:55 [INFO]   STUDENT: dinov2l (vit_large_patch14_dinov2.lvd142m)
2026-05-11 12:51:55 [INFO] ############################################################
2026-05-11 12:51:55 [INFO] ============================================================
2026-05-11 12:51:55 [INFO]   [dinov2l] FOLD 1/3  Val=pen1_tur_cam1
2026-05-11 12:51:55 [INFO] ============================================================
2026-05-11 12:51:55 [INFO]   Train: 24250 (1000 pseudo) | Val: 200 | effBatch=32
2026-05-11 12:51:55 [INFO]   Checkpoint existiert (val_f1=0.4341), skip
2026-05-11 12:51:55 [INFO] ============================================================
2026-05-11 12:51:55 [INFO]   [dinov2l] FOLD 2/3  Val=pen2_orb_cam2
2026-05-11 12:51:55 [INFO] ============================================================
2026-05-11 12:51:55 [INFO]   Train: 24330 (1000 pseudo) | Val: 120 | effBatch=32
2026-05-11 12:52:00 [INFO] Loading pretrained weights from Hugging Face hub (timm/vit_large_patch14_dinov2.lvd142m)
2026-05-11 12:52:00 [INFO] [timm/vit_large_patch14_dinov2.lvd142m] Safe alternative available for 'pytorch_model.bin' (as 'model.safetensors'). Loading weights using safetensors.
2026-05-11 12:52:01 [INFO] Missing keys (head.weight, head.bias) discovered while loading pretrained weights. This is expected if model is being adapted.
2026-05-11 12:52:01 [INFO]   Gradient Checkpointing aktiviert
2026-05-11 12:52:02 [WARNING] Interrupted by user (KeyboardInterrupt)
2026-05-11 12:52:02 [INFO] === Total time: 6s ===
