2026-05-12 11:04:22 [INFO] === V8b Training (KD) gestartet ===
2026-05-12 11:04:22 [INFO] Logfile : runs/v8b_t2/train_20260512_110422.log
2026-05-12 11:04:22 [INFO] Stats   : runs/v8b_t2/stats_20260512_110422.csv
2026-05-12 11:04:22 [INFO] PID     : 240
2026-05-12 11:04:22 [INFO] CWD     : /home/jovyan/work/notebooks/Maschine learning/Neuronale netzwerke/Mittelstufenprojekt/Mittelstufenprojekt/Mittelstufenprojekt/Fabian
2026-05-12 11:04:22 [INFO] Python  : 3.10.7
2026-05-12 11:04:25 [INFO] DATA_ROOT = /datasets/multi-view-pig-posture-recognition
2026-05-12 11:04:25 [INFO] Device (Master): cuda:1  |  device_ids=[1, 0, 2, 3]
2026-05-12 11:04:25 [INFO]   GPU 0: Tesla V100-SXM2-32GB (33.8 GB)  [replica]
2026-05-12 11:04:25 [INFO]   GPU 1: Tesla V100-SXM2-32GB (33.8 GB)  [MASTER]
2026-05-12 11:04:25 [INFO]   GPU 2: Tesla V100-SXM2-32GB (33.8 GB)  [replica]
2026-05-12 11:04:25 [INFO]   GPU 3: Tesla V100-SXM2-32GB (33.8 GB)  [replica]
2026-05-12 11:04:25 [INFO] ============================================================
2026-05-12 11:04:25 [INFO] Daten laden
2026-05-12 11:04:25 [INFO] ============================================================
2026-05-12 11:04:25 [INFO] Pseudo-Labels: 1000 hinzugefuegt
2026-05-12 11:04:25 [INFO]   pseudo 0 - Lateral_lying_left       200
2026-05-12 11:04:25 [INFO]   pseudo 1 - Lateral_lying_right      200
2026-05-12 11:04:25 [INFO]   pseudo 2 - Sitting                  200
2026-05-12 11:04:25 [INFO]   pseudo 3 - Standing                 200
2026-05-12 11:04:25 [INFO]   pseudo 4 - Sternal_lying            200
2026-05-12 11:04:25 [INFO] Instanzen total: 24450  echt: 23450  pseudo: 1000
2026-05-12 11:04:25 [INFO]   klasse 0 - Lateral_lying_left      3283
2026-05-12 11:04:25 [INFO]   klasse 1 - Lateral_lying_right     3635
2026-05-12 11:04:25 [INFO]   klasse 2 - Sitting                  895
2026-05-12 11:04:25 [INFO]   klasse 3 - Standing               10128
2026-05-12 11:04:25 [INFO]   klasse 4 - Sternal_lying           6509
2026-05-12 11:04:25 [INFO] STRICT CLO auf Test-Kameras: ['pen1_tur_cam1', 'pen2_orb_cam2', 'pen2_tur_cam2']
2026-05-12 11:04:25 [INFO] 
3 Folds:
2026-05-12 11:04:25 [INFO]   Fold 1: Val=pen1_tur_cam1 (200 echt) | Train=24250 (23250 echt + 1000 pseudo)
2026-05-12 11:04:25 [INFO]   Fold 2: Val=pen2_orb_cam2 (120 echt) | Train=24330 (23330 echt + 1000 pseudo)
2026-05-12 11:04:25 [INFO]   Fold 3: Val=pen2_tur_cam2 (196 echt) | Train=24254 (23254 echt + 1000 pseudo)
2026-05-12 11:04:25 [INFO] ============================================================
2026-05-12 11:04:25 [INFO] Schritt 1: Teacher-Soft-Targets
2026-05-12 11:04:25 [INFO] ============================================================
2026-05-12 11:04:25 [INFO] [CACHE] geladen: teacher_soft_t2_v7.npy  shape=(24450, 5)
2026-05-12 11:04:25 [INFO]   nach Teacher-Precompute MEM: GPU0=0.0/0.0GB GPU1=0.0/0.0GB GPU2=0.0/0.0GB GPU3=0.0/0.0GB
2026-05-12 11:04:25 [INFO] ============================================================
2026-05-12 11:04:25 [INFO] Schritt 2: Student-Training mit KD
2026-05-12 11:04:25 [INFO] KD: alpha=0.5, T=4.0
2026-05-12 11:04:25 [INFO] ============================================================
2026-05-12 11:04:25 [INFO] ############################################################
2026-05-12 11:04:25 [INFO]   STUDENT: dinov2l (vit_large_patch14_dinov2.lvd142m)
2026-05-12 11:04:25 [INFO] ############################################################
2026-05-12 11:04:25 [INFO] ============================================================
2026-05-12 11:04:25 [INFO]   [dinov2l] FOLD 1/3  Val=pen1_tur_cam1
2026-05-12 11:04:25 [INFO] ============================================================
2026-05-12 11:04:25 [INFO]   Train: 24250 (1000 pseudo) | Val: 200 | effBatch=32
2026-05-12 11:04:25 [INFO]   Checkpoint existiert (val_f1=0.8160), skip
2026-05-12 11:04:25 [INFO] ============================================================
2026-05-12 11:04:25 [INFO]   [dinov2l] FOLD 2/3  Val=pen2_orb_cam2
2026-05-12 11:04:25 [INFO] ============================================================
2026-05-12 11:04:25 [INFO]   Train: 24330 (1000 pseudo) | Val: 120 | effBatch=32
2026-05-12 11:04:30 [INFO] Loading pretrained weights from Hugging Face hub (timm/vit_large_patch14_dinov2.lvd142m)
2026-05-12 11:04:31 [WARNING] Xet Storage is enabled for this repo, but the 'hf_xet' package is not installed. Falling back to regular HTTP download. For better performance, install the package with: `pip install huggingface_hub[hf_xet]` or `pip install hf_xet`
2026-05-12 11:04:43 [INFO] [timm/vit_large_patch14_dinov2.lvd142m] Safe alternative available for 'pytorch_model.bin' (as 'model.safetensors'). Loading weights using safetensors.
2026-05-12 11:04:43 [INFO] Missing keys (head.weight, head.bias) discovered while loading pretrained weights. This is expected if model is being adapted.
2026-05-12 11:04:43 [INFO]   Gradient Checkpointing aktiviert
2026-05-12 11:04:45 [INFO]   Student: vit_large_patch14_dinov2.lvd142m (304.4M Params)
2026-05-12 11:04:45 [INFO]   nach Model-Init MEM: GPU0=0.0/0.0GB GPU1=1.2/1.2GB GPU2=0.0/0.0GB GPU3=0.0/0.0GB
2026-05-12 11:04:45 [INFO]   EMA aktiv (decay=0.9995)
2026-05-12 11:04:45 [INFO]   nach EMA-Init MEM: GPU0=0.0/0.0GB GPU1=2.4/2.4GB GPU2=0.0/0.0GB GPU3=0.0/0.0GB
2026-05-12 11:04:45 [INFO]   CW: ['1.49', '1.35', '5.44', '0.48', '0.75']
2026-05-12 11:04:45 [INFO]   ViT LLRD: 24 Layers, decay=0.75, 50 groups
2026-05-12 11:04:45 [INFO]   -- Epoch 01/30 [warmup] lr=1.00e-06 --
2026-05-12 11:07:05 [INFO]   [F2 E01 TRAIN] batch  152/1520 loss=1.7322 elapsed=2m19s eta=20m57s
2026-05-12 11:09:13 [INFO]   [F2 E01 TRAIN] batch  304/1520 loss=1.6403 elapsed=4m27s eta=17m50s
2026-05-12 11:11:20 [INFO]   [F2 E01 TRAIN] batch  456/1520 loss=1.5708 elapsed=6m34s eta=15m20s
2026-05-12 11:13:28 [INFO]   [F2 E01 TRAIN] batch  608/1520 loss=1.5197 elapsed=8m42s eta=13m03s
2026-05-12 11:15:35 [INFO]   [F2 E01 TRAIN] batch  760/1520 loss=1.4718 elapsed=10m50s eta=10m50s
2026-05-12 11:17:44 [INFO]   [F2 E01 TRAIN] batch  912/1520 loss=1.4383 elapsed=12m58s eta=8m39s
2026-05-12 11:19:52 [INFO]   [F2 E01 TRAIN] batch 1064/1520 loss=1.4066 elapsed=15m06s eta=6m28s
2026-05-12 11:22:00 [INFO]   [F2 E01 TRAIN] batch 1216/1520 loss=1.3796 elapsed=17m14s eta=4m18s
2026-05-12 11:24:07 [INFO]   [F2 E01 TRAIN] batch 1368/1520 loss=1.3522 elapsed=19m21s eta=2m09s
2026-05-12 11:26:14 [INFO]   [F2 E01 TRAIN] batch 1520/1520 loss=1.3292 elapsed=21m28s eta=0s
2026-05-12 11:26:16 [INFO]   [F2 E01 VAL] batch    1/8 elapsed=1s
2026-05-12 11:26:16 [INFO]   [F2 E01 VAL] batch    2/8 elapsed=1s
2026-05-12 11:26:16 [INFO]   [F2 E01 VAL] batch    3/8 elapsed=2s
2026-05-12 11:26:16 [INFO]   [F2 E01 VAL] batch    4/8 elapsed=2s
2026-05-12 11:26:17 [INFO]   [F2 E01 VAL] batch    5/8 elapsed=2s
2026-05-12 11:26:17 [INFO]   [F2 E01 VAL] batch    6/8 elapsed=2s
2026-05-12 11:26:17 [INFO]   [F2 E01 VAL] batch    7/8 elapsed=3s
2026-05-12 11:26:18 [INFO]   [F2 E01 VAL] batch    8/8 elapsed=3s
2026-05-12 11:26:19 [INFO]   [F2 E01 EMA] batch    1/8 elapsed=1s
2026-05-12 11:26:20 [INFO]   [F2 E01 EMA] batch    2/8 elapsed=2s
2026-05-12 11:26:20 [INFO]   [F2 E01 EMA] batch    3/8 elapsed=2s
2026-05-12 11:26:21 [INFO]   [F2 E01 EMA] batch    4/8 elapsed=3s
2026-05-12 11:26:21 [INFO]   [F2 E01 EMA] batch    5/8 elapsed=3s
2026-05-12 11:26:22 [INFO]   [F2 E01 EMA] batch    6/8 elapsed=4s
2026-05-12 11:26:23 [INFO]   [F2 E01 EMA] batch    7/8 elapsed=5s
2026-05-12 11:26:23 [INFO]   [F2 E01 EMA] batch    8/8 elapsed=5s
2026-05-12 11:26:23 [INFO]   [BEST] F2 E01 train L=1.3292 F1=0.4202 | val[model] L=1.3365 F1=0.4255 | epoch=21m38s
2026-05-12 11:26:24 [INFO]     saved runs/v8b_t2/best_dinov2l_fold_2.pth
2026-05-12 11:26:24 [INFO]   -- Epoch 02/30 [warmup] lr=3.40e-05 --
2026-05-12 11:28:33 [INFO]   [F2 E02 TRAIN] batch  152/1520 loss=1.2940 elapsed=2m08s eta=19m17s
2026-05-12 11:30:40 [INFO]   [F2 E02 TRAIN] batch  304/1520 loss=1.1593 elapsed=4m15s eta=17m02s
2026-05-12 11:32:47 [INFO]   [F2 E02 TRAIN] batch  456/1520 loss=1.0825 elapsed=6m22s eta=14m52s
2026-05-12 11:34:54 [INFO]   [F2 E02 TRAIN] batch  608/1520 loss=1.0382 elapsed=8m29s eta=12m44s
2026-05-12 11:37:00 [INFO]   [F2 E02 TRAIN] batch  760/1520 loss=1.0006 elapsed=10m36s eta=10m36s
2026-05-12 11:39:07 [INFO]   [F2 E02 TRAIN] batch  912/1520 loss=0.9725 elapsed=12m43s eta=8m28s
2026-05-12 11:41:14 [INFO]   [F2 E02 TRAIN] batch 1064/1520 loss=0.9547 elapsed=14m50s eta=6m21s
2026-05-12 11:43:21 [INFO]   [F2 E02 TRAIN] batch 1216/1520 loss=0.9350 elapsed=16m57s eta=4m14s
2026-05-12 11:45:28 [INFO]   [F2 E02 TRAIN] batch 1368/1520 loss=0.9148 elapsed=19m04s eta=2m07s
2026-05-12 11:47:35 [INFO]   [F2 E02 TRAIN] batch 1520/1520 loss=0.9012 elapsed=21m11s eta=0s
2026-05-12 11:47:36 [INFO]   [F2 E02 VAL] batch    1/8 elapsed=0s
2026-05-12 11:47:36 [INFO]   [F2 E02 VAL] batch    2/8 elapsed=1s
2026-05-12 11:47:37 [INFO]   [F2 E02 VAL] batch    3/8 elapsed=1s
2026-05-12 11:47:37 [INFO]   [F2 E02 VAL] batch    4/8 elapsed=1s
2026-05-12 11:47:37 [INFO]   [F2 E02 VAL] batch    5/8 elapsed=2s
2026-05-12 11:47:38 [INFO]   [F2 E02 VAL] batch    6/8 elapsed=2s
2026-05-12 11:47:38 [INFO]   [F2 E02 VAL] batch    7/8 elapsed=2s
2026-05-12 11:47:38 [INFO]   [F2 E02 VAL] batch    8/8 elapsed=2s
2026-05-12 11:47:39 [INFO]   [F2 E02 EMA] batch    1/8 elapsed=1s
2026-05-12 11:47:40 [INFO]   [F2 E02 EMA] batch    2/8 elapsed=1s
2026-05-12 11:47:41 [INFO]   [F2 E02 EMA] batch    3/8 elapsed=2s
2026-05-12 11:47:41 [INFO]   [F2 E02 EMA] batch    4/8 elapsed=3s
2026-05-12 11:47:42 [INFO]   [F2 E02 EMA] batch    5/8 elapsed=3s
2026-05-12 11:47:43 [INFO]   [F2 E02 EMA] batch    6/8 elapsed=4s
2026-05-12 11:47:43 [INFO]   [F2 E02 EMA] batch    7/8 elapsed=4s
2026-05-12 11:47:43 [INFO]   [F2 E02 EMA] batch    8/8 elapsed=5s
2026-05-12 11:47:43 [INFO]   [BEST] F2 E02 train L=0.9012 F1=0.6686 | val[model] L=0.8589 F1=0.7893 | epoch=21m19s
2026-05-12 11:47:45 [INFO]     saved runs/v8b_t2/best_dinov2l_fold_2.pth
2026-05-12 11:47:45 [INFO]   -- Epoch 03/30 [warmup] lr=6.70e-05 --
2026-05-12 11:49:54 [INFO]   [F2 E03 TRAIN] batch  152/1520 loss=0.7849 elapsed=2m08s eta=19m16s
2026-05-12 11:52:00 [INFO]   [F2 E03 TRAIN] batch  304/1520 loss=0.7705 elapsed=4m15s eta=17m00s
2026-05-12 11:54:07 [INFO]   [F2 E03 TRAIN] batch  456/1520 loss=0.7757 elapsed=6m22s eta=14m51s
2026-05-12 11:56:14 [INFO]   [F2 E03 TRAIN] batch  608/1520 loss=0.7750 elapsed=8m29s eta=12m43s
2026-05-12 11:58:21 [INFO]   [F2 E03 TRAIN] batch  760/1520 loss=0.7682 elapsed=10m35s eta=10m35s
2026-05-12 12:00:28 [INFO]   [F2 E03 TRAIN] batch  912/1520 loss=0.7659 elapsed=12m42s eta=8m28s
2026-05-12 12:02:35 [INFO]   [F2 E03 TRAIN] batch 1064/1520 loss=0.7696 elapsed=14m49s eta=6m21s
2026-05-12 12:04:42 [INFO]   [F2 E03 TRAIN] batch 1216/1520 loss=0.7734 elapsed=16m57s eta=4m14s
2026-05-12 12:06:49 [INFO]   [F2 E03 TRAIN] batch 1368/1520 loss=0.7731 elapsed=19m04s eta=2m07s
2026-05-12 12:08:56 [INFO]   [F2 E03 TRAIN] batch 1520/1520 loss=0.7670 elapsed=21m10s eta=0s
2026-05-12 12:08:57 [INFO]   [F2 E03 VAL] batch    1/8 elapsed=1s
2026-05-12 12:08:57 [INFO]   [F2 E03 VAL] batch    2/8 elapsed=1s
2026-05-12 12:08:58 [INFO]   [F2 E03 VAL] batch    3/8 elapsed=1s
2026-05-12 12:08:58 [INFO]   [F2 E03 VAL] batch    4/8 elapsed=1s
2026-05-12 12:08:58 [INFO]   [F2 E03 VAL] batch    5/8 elapsed=2s
2026-05-12 12:08:59 [INFO]   [F2 E03 VAL] batch    6/8 elapsed=2s
2026-05-12 12:08:59 [INFO]   [F2 E03 VAL] batch    7/8 elapsed=2s
2026-05-12 12:08:59 [INFO]   [F2 E03 VAL] batch    8/8 elapsed=3s
2026-05-12 12:09:01 [INFO]   [F2 E03 EMA] batch    1/8 elapsed=1s
2026-05-12 12:09:01 [INFO]   [F2 E03 EMA] batch    2/8 elapsed=2s
2026-05-12 12:09:02 [INFO]   [F2 E03 EMA] batch    3/8 elapsed=2s
2026-05-12 12:09:02 [INFO]   [F2 E03 EMA] batch    4/8 elapsed=3s
2026-05-12 12:09:03 [INFO]   [F2 E03 EMA] batch    5/8 elapsed=3s
2026-05-12 12:09:04 [INFO]   [F2 E03 EMA] batch    6/8 elapsed=4s
2026-05-12 12:09:04 [INFO]   [F2 E03 EMA] batch    7/8 elapsed=5s
2026-05-12 12:09:05 [INFO]   [F2 E03 EMA] batch    8/8 elapsed=5s
2026-05-12 12:09:05 [INFO]   [----] F2 E03 train L=0.7670 F1=0.7361 | val[model] L=0.8630 F1=0.7210 | epoch=21m19s
2026-05-12 12:09:05 [INFO]   -- Epoch 04/30 [cosine] lr=1.00e-04 --
2026-05-12 12:11:13 [INFO]   [F2 E04 TRAIN] batch  152/1520 loss=0.7390 elapsed=2m08s eta=19m17s
2026-05-12 12:13:21 [INFO]   [F2 E04 TRAIN] batch  304/1520 loss=0.7292 elapsed=4m16s eta=17m04s
2026-05-12 12:15:28 [INFO]   [F2 E04 TRAIN] batch  456/1520 loss=0.7420 elapsed=6m23s eta=14m54s
2026-05-12 12:17:35 [INFO]   [F2 E04 TRAIN] batch  608/1520 loss=0.7380 elapsed=8m30s eta=12m45s
2026-05-12 12:19:42 [INFO]   [F2 E04 TRAIN] batch  760/1520 loss=0.7397 elapsed=10m37s eta=10m37s
2026-05-12 12:21:49 [INFO]   [F2 E04 TRAIN] batch  912/1520 loss=0.7414 elapsed=12m44s eta=8m29s
2026-05-12 12:23:56 [INFO]   [F2 E04 TRAIN] batch 1064/1520 loss=0.7458 elapsed=14m51s eta=6m22s
2026-05-12 12:26:03 [INFO]   [F2 E04 TRAIN] batch 1216/1520 loss=0.7397 elapsed=16m58s eta=4m14s
